May 16 23:03:08 111 rsyslogd: [origin software="rsyslogd" swVersion="4.6.4" x-pid="1425" x-info="http://www.rsyslog.com"] rsyslogd was HUPed, type 'lightweight'.
May 16 23:03:32 111 kernel: [  740.183110] CE: hpet increasing min_delta_ns to 22500 nsec
May 16 23:04:22 111 kernel: [  790.844916] hda-intel: IRQ timing workaround is activated for card #0. Suggest a bigger bdl_pos_adj.
May 16 23:28:11 111 kernel: [ 2097.141182] PM: Syncing filesystems ... done.
May 16 23:28:15 111 kernel: [ 2097.299001] Freezing user space processes ... (elapsed 0.00 seconds) done.
May 16 23:28:15 111 kernel: [ 2097.300238] Freezing remaining freezable tasks ... (elapsed 0.00 seconds) done.
May 16 23:28:15 111 kernel: [ 2097.300326] PM: Preallocating image memory... done (allocated 887869 pages)
May 16 23:28:15 111 kernel: [ 2136.137479] PM: Allocated 3551476 kbytes in 38.83 seconds (91.46 MB/s)
May 16 23:28:15 111 kernel: [ 2136.137482] Suspending console(s) (use no_console_suspend to debug)
May 16 23:28:15 111 kernel: [ 2136.388041] sd 0:0:0:0: [sda] Synchronizing SCSI cache
May 16 23:28:15 111 kernel: [ 2136.426705] b43-pci-bridge 0000:02:00.0: PCI INT A disabled
May 16 23:28:15 111 kernel: [ 2136.440765] pci 0000:00:1f.3: PCI INT C disabled
May 16 23:28:15 111 kernel: [ 2136.712655] HDA Intel 0000:00:1b.0: PCI INT A disabled
May 16 23:28:15 111 kernel: [ 2136.741678] ACPI: Preparing to enter system sleep state S4
May 16 23:28:15 111 kernel: [ 2136.849821] PM: Saving platform NVS memory
May 16 23:28:15 111 kernel: [ 2136.872019] Disabling non-boot CPUs ...
May 16 23:28:15 111 kernel: [ 2137.032012] CPU 1 is now offline
May 16 23:28:15 111 kernel: [ 2137.032014] SMP alternatives: switching to UP code
May 16 23:28:15 111 kernel: [ 2137.037138] PM: Creating hibernation image: 
May 16 23:28:15 111 kernel: [ 2137.040007] PM: Need to copy 90627 pages
May 16 23:28:15 111 kernel: [ 2137.040007] PM: Restoring platform NVS memory
May 16 23:28:15 111 kernel: [ 2137.040007] CPU0: Thermal monitoring enabled (TM2)
May 16 23:28:15 111 kernel: [ 2137.040007] Enabling non-boot CPUs ...
May 16 23:28:15 111 kernel: [ 2137.040007] SMP alternatives: switching to SMP code
May 16 23:28:15 111 kernel: [ 2137.041863] Booting processor 1 APIC 0x1 ip 0x6000
May 16 23:28:15 111 kernel: [ 2137.040007] Initializing CPU#1
May 16 23:28:15 111 kernel: [ 2137.040007] CPU: L1 I cache: 32K, L1 D cache: 32K
May 16 23:28:15 111 kernel: [ 2137.040007] CPU: L2 cache: 2048K
May 16 23:28:15 111 kernel: [ 2137.040007] CPU 1/0x1 -> Node 0
May 16 23:28:15 111 kernel: [ 2137.040007] CPU: Physical Processor ID: 0
May 16 23:28:15 111 kernel: [ 2137.040007] CPU: Processor Core ID: 1
May 16 23:28:15 111 kernel: [ 2137.040007] CPU1: Thermal monitoring enabled (TM2)
May 16 23:28:15 111 kernel: [ 2137.132076] CPU1: Intel(R) Core(TM)2 Duo CPU     T6600  @ 2.20GHz stepping 0a
May 16 23:28:15 111 kernel: [ 2137.160495] CPU1 is up
May 16 23:28:15 111 kernel: [ 2137.161377] ACPI: Waking up from system sleep state S4
May 16 23:28:15 111 kernel: [ 2138.831166] usb usb3: root hub lost power or was reset
May 16 23:28:15 111 kernel: [ 2138.831220] usb usb4: root hub lost power or was reset
May 16 23:28:15 111 kernel: [ 2138.831242] usb usb1: root hub lost power or was reset
May 16 23:28:15 111 kernel: [ 2138.835148] HDA Intel 0000:00:1b.0: PCI INT A -> GSI 22 (level, low) -> IRQ 22
May 16 23:28:15 111 kernel: [ 2138.947156] usb usb5: root hub lost power or was reset
May 16 23:28:15 111 kernel: [ 2138.947208] usb usb6: root hub lost power or was reset
May 16 23:28:15 111 kernel: [ 2138.947260] usb usb7: root hub lost power or was reset
May 16 23:28:15 111 kernel: [ 2138.947312] usb usb8: root hub lost power or was reset
May 16 23:28:15 111 kernel: [ 2138.947334] usb usb2: root hub lost power or was reset
May 16 23:28:15 111 kernel: [ 2138.951281] pci 0000:00:1f.3: PCI INT C -> GSI 18 (level, low) -> IRQ 18
May 16 23:28:15 111 kernel: [ 2138.951479] b43-pci-bridge 0000:02:00.0: PCI INT A -> GSI 16 (level, low) -> IRQ 16
May 16 23:28:15 111 kernel: [ 2138.986140] r8169: eth0: link up
May 16 23:28:15 111 kernel: [ 2138.986734] ADDRCONF(NETDEV_CHANGE): eth0: link becomes ready
May 16 23:28:15 111 kernel: [ 2139.284100] ata5: SATA link down (SStatus 0 SControl 300)
May 16 23:28:15 111 kernel: [ 2139.292097] ata6: SATA link down (SStatus 0 SControl 300)
May 16 23:28:15 111 kernel: [ 2139.432093] ata1: SATA link up 3.0 Gbps (SStatus 123 SControl 300)
May 16 23:28:15 111 kernel: [ 2139.434137] ata1.00: configured for UDMA/100
May 16 23:28:15 111 kernel: [ 2139.440101] ata2: SATA link up 1.5 Gbps (SStatus 113 SControl 300)
May 16 23:28:15 111 kernel: [ 2139.452618] usb 2-4: reset high speed USB device using ehci_hcd and address 2
May 16 23:28:15 111 kernel: [ 2139.469735] ata2.00: configured for UDMA/100
May 16 23:28:15 111 kernel: [ 2139.630552] sd 0:0:0:0: [sda] Starting disk
May 16 23:28:15 111 kernel: [ 2139.650167] Restarting tasks ... done.
May 16 23:28:47 111 kernel: [ 2187.192118] usb 4-2: new low speed USB device using uhci_hcd and address 2
May 16 23:28:47 111 kernel: [ 2187.377043] usb 4-2: New USB device found, idVendor=045e, idProduct=00f9
May 16 23:28:47 111 kernel: [ 2187.377049] usb 4-2: New USB device strings: Mfr=1, Product=2, SerialNumber=0
May 16 23:28:47 111 kernel: [ 2187.377053] usb 4-2: Product: Microsoft Wireless Desktop Receiver 3.1
May 16 23:28:47 111 kernel: [ 2187.377056] usb 4-2: Manufacturer: Microsft
May 16 23:28:47 111 kernel: [ 2187.377209] usb 4-2: configuration #1 chosen from 1 choice
May 16 23:29:02 111 kernel: [ 2202.044263] b43-phy0: Loading firmware version 478.104 (2008-07-01 00:50:23)
May 16 23:29:07 111 kernel: [ 2207.566502] ADDRCONF(NETDEV_UP): wlan0: link is not ready
May 16 23:29:12 111 kernel: [ 2212.597198] usbcore: registered new interface driver hiddev
May 16 23:29:12 111 kernel: [ 2212.597598] usbcore: registered new interface driver usbhid
May 16 23:29:12 111 kernel: [ 2212.597603] usbhid: v2.6:USB HID core driver
May 16 23:29:16 111 kernel: [ 2216.527472] input: Microsft Microsoft Wireless Desktop Receiver 3.1 as /devices/pci0000:00/0000:00:1a.1/usb4/4-2/4-2:1.0/input/input15
May 16 23:29:16 111 kernel: [ 2216.527627] microsoft 0003:045E:00F9.0001: input,hidraw0: USB HID v1.11 Keyboard [Microsft Microsoft Wireless Desktop Receiver 3.1] on usb-0000:00:1a.1-2/input0
May 16 23:29:16 111 kernel: [ 2216.618065] microsoft 0003:045E:00F9.0002: fixing up Microsoft Wireless Receiver Model 1028 report descriptor
May 16 23:29:16 111 kernel: [ 2216.667338] input: Microsft Microsoft Wireless Desktop Receiver 3.1 as /devices/pci0000:00/0000:00:1a.1/usb4/4-2/4-2:1.1/input/input16
May 16 23:29:16 111 kernel: [ 2216.667579] microsoft 0003:045E:00F9.0002: input,hidraw1: USB HID v1.11 Mouse [Microsft Microsoft Wireless Desktop Receiver 3.1] on usb-0000:00:1a.1-2/input1
May 16 23:30:29 111 kernel: [ 2288.924852] ADDRCONF(NETDEV_CHANGE): wlan0: link becomes ready
May 16 23:30:49 111 kernel: [ 2308.756109] atkbd.c: Unknown key pressed (translated set 2, code 0x94 on isa0060/serio0).
May 16 23:30:49 111 kernel: [ 2308.756115] atkbd.c: Use 'setkeycodes e014 <keycode>' to make it known.
May 16 23:30:49 111 kernel: [ 2308.761310] atkbd.c: Unknown key released (translated set 2, code 0x94 on isa0060/serio0).
May 16 23:30:49 111 kernel: [ 2308.761314] atkbd.c: Use 'setkeycodes e014 <keycode>' to make it known.
May 16 23:30:53 111 kernel: [ 2312.804458] b43-phy0: Radio hardware status changed to DISABLED
May 16 23:49:03 111 kernel: [ 3403.508174] REISERFS (device sda4): found reiserfs format "3.6" with standard journal
May 16 23:49:03 111 kernel: [ 3403.508198] REISERFS (device sda4): using ordered data mode
May 16 23:49:03 111 kernel: [ 3403.517300] REISERFS (device sda4): journal params: device sda4, size 8192, journal first block 18, max trans len 1024, max batch 900, max commit age 30, max trans age 30
May 16 23:49:03 111 kernel: [ 3403.517960] REISERFS (device sda4): checking transaction log (sda4)
May 16 23:49:03 111 kernel: [ 3403.551578] REISERFS (device sda4): replayed 12 transactions in 0 seconds
May 16 23:49:04 111 kernel: [ 3403.955843] REISERFS (device sda4): Using r5 hash to sort names
May 17 01:12:03 111 kernel: [ 8382.886793] warning: `VirtualBox' uses 32-bit capabilities (legacy support in use)
May 17 02:29:27 111 kernel: [13027.316548] usb 1-3: new high speed USB device using ehci_hcd and address 3
May 17 02:29:27 111 kernel: [13027.451706] usb 1-3: New USB device found, idVendor=05ac, idProduct=1294
May 17 02:29:27 111 kernel: [13027.451712] usb 1-3: New USB device strings: Mfr=1, Product=2, SerialNumber=3
May 17 02:29:27 111 kernel: [13027.451715] usb 1-3: Product: iPhone
May 17 02:29:27 111 kernel: [13027.451716] usb 1-3: Manufacturer: Apple Inc.
May 17 02:29:27 111 kernel: [13027.451718] usb 1-3: SerialNumber: 0be6b178a52223346decc0dc3d60bff0f4611d29
May 17 02:29:27 111 kernel: [13027.451854] usb 1-3: configuration #1 chosen from 4 choices
May 17 02:29:28 111 kernel: [13027.919018] ipheth 1-3:4.2: Apple iPhone USB Ethernet device attached
May 17 02:29:28 111 kernel: [13027.919055] usbcore: registered new interface driver ipheth
May 17 02:29:28 111 kernel: [13028.069613] ADDRCONF(NETDEV_UP): eth1: link is not ready
May 17 04:20:28 111 kernel: [19688.588367] r8169: eth0: link down
May 17 04:20:30 111 kernel: [19690.608085] usb 4-2: USB disconnect, address 2
May 17 04:20:55 111 kernel: [19715.656055] usb 1-3: USB disconnect, address 3
May 17 04:20:55 111 kernel: [19715.692563] ipheth 1-3:4.2: Apple iPhone USB Ethernet now disconnected
May 17 04:21:56 111 kernel: [19776.002628] atkbd.c: Unknown key pressed (translated set 2, code 0x94 on isa0060/serio0).
May 17 04:21:56 111 kernel: [19776.002634] atkbd.c: Use 'setkeycodes e014 <keycode>' to make it known.
May 17 04:21:56 111 kernel: [19776.008440] atkbd.c: Unknown key released (translated set 2, code 0x94 on isa0060/serio0).
May 17 04:21:56 111 kernel: [19776.008445] atkbd.c: Use 'setkeycodes e014 <keycode>' to make it known.
May 17 04:21:58 111 kernel: [19777.824887] b43-phy0: Radio hardware status changed to ENABLED
May 17 04:21:58 111 kernel: [19778.148273] b43-phy0: Loading firmware version 478.104 (2008-07-01 00:50:23)
May 17 04:22:04 111 kernel: [19783.707031] ADDRCONF(NETDEV_UP): wlan0: link is not ready
May 17 04:22:14 111 kernel: [19794.654445] ADDRCONF(NETDEV_CHANGE): wlan0: link becomes ready
May 17 07:57:34 111 rsyslogd: [origin software="rsyslogd" swVersion="4.6.4" x-pid="1425" x-info="http://www.rsyslog.com"] rsyslogd was HUPed, type 'lightweight'.
May 17 11:10:49 111 kernel: [44309.660172] usb 1-3: new high speed USB device using ehci_hcd and address 4
May 17 11:10:50 111 kernel: [44309.799867] usb 1-3: New USB device found, idVendor=05ac, idProduct=1294
May 17 11:10:50 111 kernel: [44309.799873] usb 1-3: New USB device strings: Mfr=1, Product=2, SerialNumber=3
May 17 11:10:50 111 kernel: [44309.799878] usb 1-3: Product: iPhone
May 17 11:10:50 111 kernel: [44309.799881] usb 1-3: Manufacturer: Apple Inc.
May 17 11:10:50 111 kernel: [44309.799884] usb 1-3: SerialNumber: 0be6b178a52223346decc0dc3d60bff0f4611d29
May 17 11:10:50 111 kernel: [44309.800070] usb 1-3: configuration #1 chosen from 4 choices
May 17 11:10:50 111 kernel: [44310.158429] ipheth 1-3:4.2: Apple iPhone USB Ethernet device attached
May 17 11:10:50 111 kernel: [44310.237143] ADDRCONF(NETDEV_UP): eth1: link is not ready
May 17 11:33:24 111 kernel: [45664.385441] usb 1-3: USB disconnect, address 4
May 17 11:33:24 111 kernel: [45664.436590] ipheth 1-3:4.2: Apple iPhone USB Ethernet now disconnected
May 17 11:38:38 111 shutdown[10872]: shutting down for system halt
May 17 11:38:54 111 kernel: Kernel logging (proc) stopped.
May 17 11:38:54 111 rsyslogd: [origin software="rsyslogd" swVersion="4.6.4" x-pid="1425" x-info="http://www.rsyslog.com"] exiting on signal 15.
May 17 13:19:57 111 kernel: imklog 4.6.4, log source = /proc/kmsg started.
May 17 13:19:57 111 rsyslogd: [origin software="rsyslogd" swVersion="4.6.4" x-pid="1343" x-info="http://www.rsyslog.com"] (re)start
May 17 13:19:57 111 kernel: [    0.000000] Initializing cgroup subsys cpuset
May 17 13:19:57 111 kernel: [    0.000000] Initializing cgroup subsys cpu
May 17 13:19:57 111 kernel: [    0.000000] Linux version 2.6.32-5-amd64 (Debian 2.6.32-34) (dannf@debian.org) (gcc version 4.3.5 (Debian 4.3.5-4) ) #1 SMP Wed May 4 22:04:54 UTC 2011
May 17 13:19:57 111 kernel: [    0.000000] Command line: BOOT_IMAGE=/boot/vmlinuz-2.6.32-5-amd64 root=UUID=efbca59c-ad25-4ad4-9c60-cff7aebad3ab ro quiet
May 17 13:19:57 111 kernel: [    0.000000] KERNEL supported cpus:
May 17 13:19:57 111 kernel: [    0.000000]   Intel GenuineIntel
May 17 13:19:57 111 kernel: [    0.000000]   AMD AuthenticAMD
May 17 13:19:57 111 kernel: [    0.000000]   Centaur CentaurHauls
May 17 13:19:57 111 kernel: [    0.000000] BIOS-provided physical RAM map:
May 17 13:19:57 111 kernel: [    0.000000]  BIOS-e820: 0000000000000000 - 000000000009e000 (usable)
May 17 13:19:57 111 kernel: [    0.000000]  BIOS-e820: 000000000009e000 - 00000000000a0000 (reserved)
May 17 13:19:57 111 kernel: [    0.000000]  BIOS-e820: 00000000000e0000 - 0000000000100000 (reserved)
May 17 13:19:57 111 kernel: [    0.000000]  BIOS-e820: 0000000000100000 - 00000000b9ea8000 (usable)
May 17 13:19:57 111 kernel: [    0.000000]  BIOS-e820: 00000000b9ea8000 - 00000000b9ebf000 (reserved)
May 17 13:19:57 111 kernel: [    0.000000]  BIOS-e820: 00000000b9ebf000 - 00000000b9f81000 (usable)
May 17 13:19:57 111 kernel: [    0.000000]  BIOS-e820: 00000000b9f81000 - 00000000b9fbf000 (ACPI NVS)
May 17 13:19:57 111 kernel: [    0.000000]  BIOS-e820: 00000000b9fbf000 - 00000000b9fdf000 (usable)
May 17 13:19:57 111 kernel: [    0.000000]  BIOS-e820: 00000000b9fdf000 - 00000000b9ff7000 (ACPI data)
May 17 13:19:57 111 kernel: [    0.000000]  BIOS-e820: 00000000b9ff7000 - 00000000ba000000 (usable)
May 17 13:19:57 111 kernel: [    0.000000]  BIOS-e820: 00000000ba000000 - 00000000c0000000 (reserved)
May 17 13:19:57 111 kernel: [    0.000000]  BIOS-e820: 00000000f8000000 - 00000000fc000000 (reserved)
May 17 13:19:57 111 kernel: [    0.000000]  BIOS-e820: 00000000fec00000 - 00000000fec01000 (reserved)
May 17 13:19:57 111 kernel: [    0.000000]  BIOS-e820: 00000000fed10000 - 00000000fed14000 (reserved)
May 17 13:19:57 111 kernel: [    0.000000]  BIOS-e820: 00000000fed18000 - 00000000fed1a000 (reserved)
May 17 13:19:57 111 kernel: [    0.000000]  BIOS-e820: 00000000fed1c000 - 00000000fed20000 (reserved)
May 17 13:19:57 111 kernel: [    0.000000]  BIOS-e820: 00000000fee00000 - 00000000fee01000 (reserved)
May 17 13:19:57 111 kernel: [    0.000000]  BIOS-e820: 00000000ffe00000 - 0000000100000000 (reserved)
May 17 13:19:57 111 kernel: [    0.000000]  BIOS-e820: 0000000100000000 - 0000000140000000 (usable)
May 17 13:19:57 111 kernel: [    0.000000] DMI 2.4 present.
May 17 13:19:57 111 kernel: [    0.000000] last_pfn = 0x140000 max_arch_pfn = 0x400000000
May 17 13:19:57 111 kernel: [    0.000000] x86 PAT enabled: cpu 0, old 0x7040600070406, new 0x7010600070106
May 17 13:19:57 111 kernel: [    0.000000] last_pfn = 0xba000 max_arch_pfn = 0x400000000
May 17 13:19:57 111 kernel: [    0.000000] init_memory_mapping: 0000000000000000-00000000ba000000
May 17 13:19:57 111 kernel: [    0.000000] init_memory_mapping: 0000000100000000-0000000140000000
May 17 13:19:57 111 kernel: [    0.000000] RAMDISK: 37572000 - 37fef956
May 17 13:19:57 111 kernel: [    0.000000] ACPI: RSDP 00000000000fe020 00024 (v02 HPQOEM)
May 17 13:19:57 111 kernel: [    0.000000] ACPI: XSDT 00000000b9ff6120 0006C (v01 HPQOEM SLIC-MPC 00000001      01000013)
May 17 13:19:57 111 kernel: [    0.000000] ACPI: FACP 00000000b9ff4000 000F4 (v04 HPQOEM SLIC-MPC 00000001 MSFT 01000013)
May 17 13:19:57 111 kernel: [    0.000000] ACPI: DSDT 00000000b9fe2000 0D37A (v01 HPQOEM SLIC-MPC 00000001 MSFT 01000013)
May 17 13:19:57 111 kernel: [    0.000000] ACPI: FACS 00000000b9f8d000 00040
May 17 13:19:57 111 kernel: [    0.000000] ACPI: DMAR 00000000b9ff5000 000B8 (v01               ? 00000001      00000000)
May 17 13:19:57 111 kernel: [    0.000000] ACPI: HPET 00000000b9ff3000 00038 (v01 HPQOEM SLIC-MPC 00000001 MSFT 01000013)
May 17 13:19:57 111 kernel: [    0.000000] ACPI: APIC 00000000b9ff2000 0006C (v02 HPQOEM SLIC-MPC 00000001 MSFT 01000013)
May 17 13:19:57 111 kernel: [    0.000000] ACPI: MCFG 00000000b9ff1000 0003C (v01 HPQOEM SLIC-MPC 00000001 MSFT 01000013)
May 17 13:19:57 111 kernel: [    0.000000] ACPI: ASF! 00000000b9ff0000 000A5 (v32 HPQOEM SLIC-MPC 00000001 MSFT 01000013)
May 17 13:19:57 111 kernel: [    0.000000] ACPI: SLIC 00000000b9fe1000 00176 (v01 HPQOEM SLIC-MPC 06040000  LTP 00000001)
May 17 13:19:57 111 kernel: [    0.000000] ACPI: BOOT 00000000b9fe0000 00028 (v01 HPQOEM SLIC-MPC 00000001 MSFT 01000013)
May 17 13:19:57 111 kernel: [    0.000000] ACPI: SSDT 00000000b9fdf000 00655 (v01  PmRef    CpuPm 00003000 INTL 20051117)
May 17 13:19:57 111 kernel: [    0.000000] No NUMA configuration found
May 17 13:19:57 111 kernel: [    0.000000] Faking a node at 0000000000000000-0000000140000000
May 17 13:19:57 111 kernel: [    0.000000] Bootmem setup node 0 0000000000000000-0000000140000000
May 17 13:19:57 111 kernel: [    0.000000]   NODE_DATA [000000000000b000 - 0000000000012fff]
May 17 13:19:57 111 kernel: [    0.000000]   bootmap [0000000000013000 -  000000000003afff] pages 28
May 17 13:19:57 111 kernel: [    0.000000] (8 early reservations) ==> bootmem [0000000000 - 0140000000]
May 17 13:19:57 111 kernel: [    0.000000]   #0 [0000000000 - 0000001000]   BIOS data page ==> [0000000000 - 0000001000]
May 17 13:19:57 111 kernel: [    0.000000]   #1 [0000006000 - 0000008000]       TRAMPOLINE ==> [0000006000 - 0000008000]
May 17 13:19:57 111 kernel: [    0.000000]   #2 [0001000000 - 000168a454]    TEXT DATA BSS ==> [0001000000 - 000168a454]
May 17 13:19:57 111 kernel: [    0.000000]   #3 [0037572000 - 0037fef956]          RAMDISK ==> [0037572000 - 0037fef956]
May 17 13:19:57 111 kernel: [    0.000000]   #4 [000009e000 - 0000100000]    BIOS reserved ==> [000009e000 - 0000100000]
May 17 13:19:57 111 kernel: [    0.000000]   #5 [000168b000 - 000168b1f8]              BRK ==> [000168b000 - 000168b1f8]
May 17 13:19:57 111 kernel: [    0.000000]   #6 [0000008000 - 000000a000]          PGTABLE ==> [0000008000 - 000000a000]
May 17 13:19:57 111 kernel: [    0.000000]   #7 [000000a000 - 000000b000]          PGTABLE ==> [000000a000 - 000000b000]
May 17 13:19:57 111 kernel: [    0.000000] Zone PFN ranges:
May 17 13:19:57 111 kernel: [    0.000000]   DMA      0x00000000 -> 0x00001000
May 17 13:19:57 111 kernel: [    0.000000]   DMA32    0x00001000 -> 0x00100000
May 17 13:19:57 111 kernel: [    0.000000]   Normal   0x00100000 -> 0x00140000
May 17 13:19:57 111 kernel: [    0.000000] Movable zone start PFN for each node
May 17 13:19:57 111 kernel: [    0.000000] early_node_map[6] active PFN ranges
May 17 13:19:57 111 kernel: [    0.000000]     0: 0x00000000 -> 0x0000009e
May 17 13:19:57 111 kernel: [    0.000000]     0: 0x00000100 -> 0x000b9ea8
May 17 13:19:57 111 kernel: [    0.000000]     0: 0x000b9ebf -> 0x000b9f81
May 17 13:19:57 111 kernel: [    0.000000]     0: 0x000b9fbf -> 0x000b9fdf
May 17 13:19:57 111 kernel: [    0.000000]     0: 0x000b9ff7 -> 0x000ba000
May 17 13:19:57 111 kernel: [    0.000000]     0: 0x00100000 -> 0x00140000
May 17 13:19:57 111 kernel: [    0.000000] ACPI: PM-Timer IO Port: 0x408
May 17 13:19:57 111 kernel: [    0.000000] ACPI: LAPIC (acpi_id[0x01] lapic_id[0x00] enabled)
May 17 13:19:57 111 kernel: [    0.000000] ACPI: LAPIC (acpi_id[0x02] lapic_id[0x01] enabled)
May 17 13:19:57 111 kernel: [    0.000000] ACPI: LAPIC (acpi_id[0x03] lapic_id[0x00] disabled)
May 17 13:19:57 111 kernel: [    0.000000] ACPI: LAPIC (acpi_id[0x04] lapic_id[0x00] disabled)
May 17 13:19:57 111 kernel: [    0.000000] ACPI: IOAPIC (id[0x04] address[0xfec00000] gsi_base[0])
May 17 13:19:57 111 kernel: [    0.000000] IOAPIC[0]: apic_id 4, version 32, address 0xfec00000, GSI 0-23
May 17 13:19:57 111 kernel: [    0.000000] ACPI: INT_SRC_OVR (bus 0 bus_irq 0 global_irq 2 dfl dfl)
May 17 13:19:57 111 kernel: [    0.000000] ACPI: INT_SRC_OVR (bus 0 bus_irq 9 global_irq 9 high level)
May 17 13:19:57 111 kernel: [    0.000000] Using ACPI (MADT) for SMP configuration information
May 17 13:19:57 111 kernel: [    0.000000] ACPI: HPET id: 0x8086a201 base: 0xfed00000
May 17 13:19:57 111 kernel: [    0.000000] SMP: Allowing 4 CPUs, 2 hotplug CPUs
May 17 13:19:57 111 kernel: [    0.000000] PM: Registered nosave memory: 000000000009e000 - 00000000000a0000
May 17 13:19:57 111 kernel: [    0.000000] PM: Registered nosave memory: 00000000000a0000 - 00000000000e0000
May 17 13:19:57 111 kernel: [    0.000000] PM: Registered nosave memory: 00000000000e0000 - 0000000000100000
May 17 13:19:57 111 kernel: [    0.000000] PM: Registered nosave memory: 00000000b9ea8000 - 00000000b9ebf000
May 17 13:19:57 111 kernel: [    0.000000] PM: Registered nosave memory: 00000000b9f81000 - 00000000b9fbf000
May 17 13:19:57 111 kernel: [    0.000000] PM: Registered nosave memory: 00000000b9fdf000 - 00000000b9ff7000
May 17 13:19:57 111 kernel: [    0.000000] PM: Registered nosave memory: 00000000ba000000 - 00000000c0000000
May 17 13:19:57 111 kernel: [    0.000000] PM: Registered nosave memory: 00000000c0000000 - 00000000f8000000
May 17 13:19:57 111 kernel: [    0.000000] PM: Registered nosave memory: 00000000f8000000 - 00000000fc000000
May 17 13:19:57 111 kernel: [    0.000000] PM: Registered nosave memory: 00000000fc000000 - 00000000fec00000
May 17 13:19:57 111 kernel: [    0.000000] PM: Registered nosave memory: 00000000fec00000 - 00000000fec01000
May 17 13:19:57 111 kernel: [    0.000000] PM: Registered nosave memory: 00000000fec01000 - 00000000fed10000
May 17 13:19:57 111 kernel: [    0.000000] PM: Registered nosave memory: 00000000fed10000 - 00000000fed14000
May 17 13:19:57 111 kernel: [    0.000000] PM: Registered nosave memory: 00000000fed14000 - 00000000fed18000
May 17 13:19:57 111 kernel: [    0.000000] PM: Registered nosave memory: 00000000fed18000 - 00000000fed1a000
May 17 13:19:57 111 kernel: [    0.000000] PM: Registered nosave memory: 00000000fed1a000 - 00000000fed1c000
May 17 13:19:57 111 kernel: [    0.000000] PM: Registered nosave memory: 00000000fed1c000 - 00000000fed20000
May 17 13:19:57 111 kernel: [    0.000000] PM: Registered nosave memory: 00000000fed20000 - 00000000fee00000
May 17 13:19:57 111 kernel: [    0.000000] PM: Registered nosave memory: 00000000fee00000 - 00000000fee01000
May 17 13:19:57 111 kernel: [    0.000000] PM: Registered nosave memory: 00000000fee01000 - 00000000ffe00000
May 17 13:19:57 111 kernel: [    0.000000] PM: Registered nosave memory: 00000000ffe00000 - 0000000100000000
May 17 13:19:57 111 kernel: [    0.000000] Allocating PCI resources starting at c0000000 (gap: c0000000:38000000)
May 17 13:19:57 111 kernel: [    0.000000] Booting paravirtualized kernel on bare hardware
May 17 13:19:57 111 kernel: [    0.000000] NR_CPUS:512 nr_cpumask_bits:512 nr_cpu_ids:4 nr_node_ids:1
May 17 13:19:57 111 kernel: [    0.000000] PERCPU: Embedded 30 pages/cpu @ffff880005200000 s90328 r8192 d24360 u524288
May 17 13:19:57 111 kernel: [    0.000000] pcpu-alloc: s90328 r8192 d24360 u524288 alloc=1*2097152
May 17 13:19:57 111 kernel: [    0.000000] pcpu-alloc: [0] 0 1 2 3 
May 17 13:19:57 111 kernel: [    0.000000] Built 1 zonelists in Node order, mobility grouping on.  Total pages: 1005769
May 17 13:19:57 111 kernel: [    0.000000] Policy zone: Normal
May 17 13:19:57 111 kernel: [    0.000000] Kernel command line: BOOT_IMAGE=/boot/vmlinuz-2.6.32-5-amd64 root=UUID=efbca59c-ad25-4ad4-9c60-cff7aebad3ab ro quiet
May 17 13:19:57 111 kernel: [    0.000000] PID hash table entries: 4096 (order: 3, 32768 bytes)
May 17 13:19:57 111 kernel: [    0.000000] Initializing CPU#0
May 17 13:19:57 111 kernel: [    0.000000] xsave/xrstor: enabled xstate_bv 0x3, cntxt size 0x240
May 17 13:19:57 111 kernel: [    0.000000] Checking aperture...
May 17 13:19:57 111 kernel: [    0.000000] No AGP bridge found
May 17 13:19:57 111 kernel: [    0.000000] ------------[ cut here ]------------
May 17 13:19:57 111 kernel: [    0.000000] WARNING: at /build/buildd-linux-2.6_2.6.32-34-amd64-fz5U9B/linux-2.6-2.6.32/debian/build/source_amd64_none/drivers/pci/dmar.c:616 check_zero_address+0x91/0x19a()
May 17 13:19:57 111 kernel: [    0.000000] Hardware name: HP Pavilion dv6 Notebook PC
May 17 13:19:57 111 kernel: [    0.000000] Your BIOS is broken; DMAR reported at address zero!
May 17 13:19:57 111 kernel: [    0.000000] BIOS vendor: Hewlett-Packard; Ver: F.36; Product Version: Rev 1
May 17 13:19:57 111 kernel: [    0.000000] Modules linked in:
May 17 13:19:57 111 kernel: [    0.000000] Pid: 0, comm: swapper Not tainted 2.6.32-5-amd64 #1
May 17 13:19:57 111 kernel: [    0.000000] Call Trace:
May 17 13:19:57 111 kernel: [    0.000000]  [<ffffffff815186b2>] ? check_zero_address+0x91/0x19a
May 17 13:19:57 111 kernel: [    0.000000]  [<ffffffff815186b2>] ? check_zero_address+0x91/0x19a
May 17 13:19:57 111 kernel: [    0.000000]  [<ffffffff8104df10>] ? warn_slowpath_common+0x77/0xa3
May 17 13:19:57 111 kernel: [    0.000000]  [<ffffffff8104df98>] ? warn_slowpath_fmt+0x51/0x59
May 17 13:19:57 111 kernel: [    0.000000]  [<ffffffff814f3140>] ? early_idt_handler+0x0/0x71
May 17 13:19:57 111 kernel: [    0.000000]  [<ffffffff81302475>] ? _etext+0x0/0x1f0b8b
May 17 13:19:57 111 kernel: [    0.000000]  [<ffffffff81508008>] ? __early_ioremap+0x1a3/0x23b
May 17 13:19:57 111 kernel: [    0.000000]  [<ffffffff815186b2>] ? check_zero_address+0x91/0x19a
May 17 13:19:57 111 kernel: [    0.000000]  [<ffffffff814f3140>] ? early_idt_handler+0x0/0x71
May 17 13:19:57 111 kernel: [    0.000000]  [<ffffffff81302475>] ? _etext+0x0/0x1f0b8b
May 17 13:19:57 111 kernel: [    0.000000]  [<ffffffff815187cd>] ? detect_intel_iommu+0x12/0x8c
May 17 13:19:57 111 kernel: [    0.000000]  [<ffffffff814f95fa>] ? pci_iommu_alloc+0x56/0x61
May 17 13:19:57 111 kernel: [    0.000000]  [<ffffffff815079bf>] ? mem_init+0x15/0xe5
May 17 13:19:57 111 kernel: [    0.000000]  [<ffffffff814f3b03>] ? start_kernel+0x202/0x3e8
May 17 13:19:57 111 kernel: [    0.000000]  [<ffffffff814f33b7>] ? x86_64_start_kernel+0xf9/0x106
May 17 13:19:57 111 kernel: [    0.000000] ---[ end trace a7919e7f17c0a725 ]---
May 17 13:19:57 111 kernel: [    0.000000] PCI-DMA: Using software bounce buffering for IO (SWIOTLB)
May 17 13:19:57 111 kernel: [    0.000000] Placing 64MB software IO TLB between ffff88000539e000 - ffff88000939e000
May 17 13:19:57 111 kernel: [    0.000000] software IO TLB at phys 0x539e000 - 0x939e000
May 17 13:19:57 111 kernel: [    0.000000] Memory: 3953508k/5242880k available (3081k kernel code, 1147708k absent, 141664k reserved, 1890k data, 592k init)
May 17 13:19:57 111 kernel: [    0.000000] SLUB: Genslabs=14, HWalign=64, Order=0-3, MinObjects=0, CPUs=4, Nodes=1
May 17 13:19:57 111 kernel: [    0.000000] Hierarchical RCU implementation.
May 17 13:19:57 111 kernel: [    0.000000] NR_IRQS:4352 nr_irqs:440
May 17 13:19:57 111 kernel: [    0.000000] Console: colour VGA+ 80x25
May 17 13:19:57 111 kernel: [    0.000000] console [tty0] enabled
May 17 13:19:57 111 kernel: [    0.000000] Fast TSC calibration using PIT
May 17 13:19:57 111 kernel: [    0.000000] Detected 2194.595 MHz processor.
May 17 13:19:57 111 kernel: [    0.004005] Calibrating delay loop (skipped), value calculated using timer frequency.. 4389.19 BogoMIPS (lpj=8778380)
May 17 13:19:57 111 kernel: [    0.004026] Security Framework initialized
May 17 13:19:57 111 kernel: [    0.004031] SELinux:  Disabled at boot.
May 17 13:19:57 111 kernel: [    0.004347] Dentry cache hash table entries: 524288 (order: 10, 4194304 bytes)
May 17 13:19:57 111 kernel: [    0.006458] Inode-cache hash table entries: 262144 (order: 9, 2097152 bytes)
May 17 13:19:57 111 kernel: [    0.008625] Mount-cache hash table entries: 256
May 17 13:19:57 111 kernel: [    0.008781] Initializing cgroup subsys ns
May 17 13:19:57 111 kernel: [    0.008785] Initializing cgroup subsys cpuacct
May 17 13:19:57 111 kernel: [    0.008789] Initializing cgroup subsys devices
May 17 13:19:57 111 kernel: [    0.008791] Initializing cgroup subsys freezer
May 17 13:19:57 111 kernel: [    0.008792] Initializing cgroup subsys net_cls
May 17 13:19:57 111 kernel: [    0.008818] CPU: L1 I cache: 32K, L1 D cache: 32K
May 17 13:19:57 111 kernel: [    0.008820] CPU: L2 cache: 2048K
May 17 13:19:57 111 kernel: [    0.008823] CPU 0/0x0 -> Node 0
May 17 13:19:57 111 kernel: [    0.008825] CPU: Physical Processor ID: 0
May 17 13:19:57 111 kernel: [    0.008826] CPU: Processor Core ID: 0
May 17 13:19:57 111 kernel: [    0.008830] mce: CPU supports 6 MCE banks
May 17 13:19:57 111 kernel: [    0.008837] CPU0: Thermal monitoring enabled (TM2)
May 17 13:19:57 111 kernel: [    0.008841] using mwait in idle threads.
May 17 13:19:57 111 kernel: [    0.008843] Performance Events: Core2 events, Intel PMU driver.
May 17 13:19:57 111 kernel: [    0.008849] ... version:                2
May 17 13:19:57 111 kernel: [    0.008850] ... bit width:              40
May 17 13:19:57 111 kernel: [    0.008851] ... generic registers:      2
May 17 13:19:57 111 kernel: [    0.008853] ... value mask:             000000ffffffffff
May 17 13:19:57 111 kernel: [    0.008854] ... max period:             000000007fffffff
May 17 13:19:57 111 kernel: [    0.008856] ... fixed-purpose events:   3
May 17 13:19:57 111 kernel: [    0.008857] ... event mask:             0000000700000003
May 17 13:19:57 111 kernel: [    0.009861] ACPI: Core revision 20090903
May 17 13:19:57 111 kernel: [    0.024081] DMAR: Host address width 36
May 17 13:19:57 111 kernel: [    0.024083] DMAR: DRHD base: 0x00000000000000 flags: 0x1
May 17 13:19:57 111 kernel: [    0.024086] DMAR: parse DMAR table failure.
May 17 13:19:57 111 kernel: [    0.024094] Setting APIC routing to flat
May 17 13:19:57 111 kernel: [    0.024409] ..TIMER: vector=0x30 apic1=0 pin1=2 apic2=-1 pin2=-1
May 17 13:19:57 111 kernel: [    0.064805] CPU0: Intel(R) Core(TM)2 Duo CPU     T6600  @ 2.20GHz stepping 0a
May 17 13:19:57 111 kernel: [    0.068001] Booting processor 1 APIC 0x1 ip 0x6000
May 17 13:19:57 111 kernel: [    0.008000] Initializing CPU#1
May 17 13:19:57 111 kernel: [    0.008000] CPU: L1 I cache: 32K, L1 D cache: 32K
May 17 13:19:57 111 kernel: [    0.008000] CPU: L2 cache: 2048K
May 17 13:19:57 111 kernel: [    0.008000] CPU 1/0x1 -> Node 0
May 17 13:19:57 111 kernel: [    0.008000] CPU: Physical Processor ID: 0
May 17 13:19:57 111 kernel: [    0.008000] CPU: Processor Core ID: 1
May 17 13:19:57 111 kernel: [    0.008000] CPU1: Thermal monitoring enabled (TM2)
May 17 13:19:57 111 kernel: [    0.152029] CPU1: Intel(R) Core(TM)2 Duo CPU     T6600  @ 2.20GHz stepping 0a
May 17 13:19:57 111 kernel: [    0.152036] checking TSC synchronization [CPU#0 -> CPU#1]: passed.
May 17 13:19:57 111 kernel: [    0.156018] Brought up 2 CPUs
May 17 13:19:57 111 kernel: [    0.156020] Total of 2 processors activated (8778.14 BogoMIPS).
May 17 13:19:57 111 kernel: [    0.156942] devtmpfs: initialized
May 17 13:19:57 111 kernel: [    0.161211] regulator: core version 0.5
May 17 13:19:57 111 kernel: [    0.161211] NET: Registered protocol family 16
May 17 13:19:57 111 kernel: [    0.161211] ACPI: bus type pci registered
May 17 13:19:57 111 kernel: [    0.161211] PCI: MCFG configuration 0: base f8000000 segment 0 buses 0 - 63
May 17 13:19:57 111 kernel: [    0.161211] PCI: MCFG area at f8000000 reserved in E820
May 17 13:19:57 111 kernel: [    0.165394] PCI: Using MMCONFIG at f8000000 - fbffffff
May 17 13:19:57 111 kernel: [    0.165396] PCI: Using configuration type 1 for base access
May 17 13:19:57 111 kernel: [    0.165718] bio: create slab <bio-0> at 0
May 17 13:19:57 111 kernel: [    0.170712] ACPI: BIOS _OSI(Linux) query ignored
May 17 13:19:57 111 kernel: [    0.301474] ACPI Error (psargs-0359): [\_PR_.CPU0._PPC] Namespace lookup failure, AE_NOT_FOUND
May 17 13:19:57 111 kernel: [    0.301474] ACPI Error (psparse-0537): Method parse/execution failed [\CPUL] (Node ffff88013fa3f760), AE_NOT_FOUND
May 17 13:19:57 111 kernel: [    0.301474] ACPI Error (psparse-0537): Method parse/execution failed [\PSSC] (Node ffff88013fa3f780), AE_NOT_FOUND
May 17 13:19:57 111 kernel: [    0.301474] ACPI Error (psparse-0537): Method parse/execution failed [\_SB_.PCI0.LPC_.EC0_._REG] (Node ffff88013fa47580), AE_NOT_FOUND
May 17 13:19:57 111 kernel: [    0.301474] ACPI: Interpreter enabled
May 17 13:19:57 111 kernel: [    0.301474] ACPI: (supports S0 S3 S4 S5)
May 17 13:19:57 111 kernel: [    0.301474] ACPI: Using IOAPIC for interrupt routing
May 17 13:19:57 111 kernel: [    0.314135] ACPI: EC: GPE = 0x17, I/O: command/status = 0x66, data = 0x62
May 17 13:19:57 111 kernel: [    0.314463] ACPI: No dock devices found.
May 17 13:19:57 111 kernel: [    0.315102] ACPI: PCI Root Bridge [PCI0] (0000:00)
May 17 13:19:57 111 kernel: [    0.315158] DMAR: Forcing write-buffer flush capability
May 17 13:19:57 111 kernel: [    0.315160] DMAR: Disabling IOMMU for graphics on this chipset
May 17 13:19:57 111 kernel: [    0.315587] pci 0000:00:1a.7: PME# supported from D0 D3hot D3cold
May 17 13:19:57 111 kernel: [    0.315592] pci 0000:00:1a.7: PME# disabled
May 17 13:19:57 111 kernel: [    0.315693] pci 0000:00:1b.0: PME# supported from D0 D3hot D3cold
May 17 13:19:57 111 kernel: [    0.315697] pci 0000:00:1b.0: PME# disabled
May 17 13:19:57 111 kernel: [    0.315775] pci 0000:00:1c.0: PME# supported from D0 D3hot D3cold
May 17 13:19:57 111 kernel: [    0.315779] pci 0000:00:1c.0: PME# disabled
May 17 13:19:57 111 kernel: [    0.315858] pci 0000:00:1c.1: PME# supported from D0 D3hot D3cold
May 17 13:19:57 111 kernel: [    0.315863] pci 0000:00:1c.1: PME# disabled
May 17 13:19:57 111 kernel: [    0.315944] pci 0000:00:1c.3: PME# supported from D0 D3hot D3cold
May 17 13:19:57 111 kernel: [    0.315948] pci 0000:00:1c.3: PME# disabled
May 17 13:19:57 111 kernel: [    0.316037] pci 0000:00:1c.4: PME# supported from D0 D3hot D3cold
May 17 13:19:57 111 kernel: [    0.316041] pci 0000:00:1c.4: PME# disabled
May 17 13:19:57 111 kernel: [    0.316122] pci 0000:00:1c.5: PME# supported from D0 D3hot D3cold
May 17 13:19:57 111 kernel: [    0.316126] pci 0000:00:1c.5: PME# disabled
May 17 13:19:57 111 kernel: [    0.316601] pci 0000:00:1d.7: PME# supported from D0 D3hot D3cold
May 17 13:19:57 111 kernel: [    0.316605] pci 0000:00:1d.7: PME# disabled
May 17 13:19:57 111 kernel: [    0.316899] pci 0000:00:1f.2: PME# supported from D3hot
May 17 13:19:57 111 kernel: [    0.316903] pci 0000:00:1f.2: PME# disabled
May 17 13:19:57 111 kernel: [    0.318504] pci 0000:03:00.0: PME# supported from D0 D1 D2 D3hot D3cold
May 17 13:19:57 111 kernel: [    0.318517] pci 0000:03:00.0: PME# disabled
May 17 13:19:57 111 kernel: [    0.319202] pci 0000:00:1e.0: transparent bridge
May 17 13:19:57 111 kernel: [    0.331847] ACPI: PCI Interrupt Link [LNKA] (IRQs 3 4 5 7 9 10 *11 12)
May 17 13:19:57 111 kernel: [    0.331993] ACPI: PCI Interrupt Link [LNKB] (IRQs 3 4 5 7 9 10 *11 12)
May 17 13:19:57 111 kernel: [    0.332146] ACPI: PCI Interrupt Link [LNKC] (IRQs 3 4 5 7 9 10 *11 12)
May 17 13:19:57 111 kernel: [    0.332290] ACPI: PCI Interrupt Link [LNKD] (IRQs 3 4 5 7 9 10 *11 12)
May 17 13:19:57 111 kernel: [    0.332433] ACPI: PCI Interrupt Link [LNKE] (IRQs 3 4 5 7 9 10 *11 12)
May 17 13:19:57 111 kernel: [    0.332576] ACPI: PCI Interrupt Link [LNKF] (IRQs 3 4 5 7 9 *10 11 12)
May 17 13:19:57 111 kernel: [    0.332720] ACPI: PCI Interrupt Link [LNKG] (IRQs 3 4 5 7 9 10 *11 12)
May 17 13:19:57 111 kernel: [    0.332863] ACPI: PCI Interrupt Link [LNKH] (IRQs 3 4 5 7 9 10 11 12) *0, disabled.
May 17 13:19:57 111 kernel: [    0.332977] vgaarb: device added: PCI:0000:00:02.0,decodes=io+mem,owns=io+mem,locks=none
May 17 13:19:57 111 kernel: [    0.332990] vgaarb: loaded
May 17 13:19:57 111 kernel: [    0.333004] PCI: Using ACPI for IRQ routing
May 17 13:19:57 111 kernel: [    0.333004] HPET: 4 timers in total, 0 timers will be used for per-cpu timer
May 17 13:19:57 111 kernel: [    0.333004] hpet0: at MMIO 0xfed00000, IRQs 2, 8, 0, 0
May 17 13:19:57 111 kernel: [    0.333004] hpet0: 4 comparators, 64-bit 14.318180 MHz counter
May 17 13:19:57 111 kernel: [    0.336018] Switching to clocksource tsc
May 17 13:19:57 111 kernel: [    0.337155] pnp: PnP ACPI init
May 17 13:19:57 111 kernel: [    0.337163] ACPI: bus type pnp registered
May 17 13:19:57 111 kernel: [    0.340079] pnp: PnP ACPI: found 12 devices
May 17 13:19:57 111 kernel: [    0.340081] ACPI: ACPI bus type pnp unregistered
May 17 13:19:57 111 kernel: [    0.340089] system 00:00: iomem range 0xf8000000-0xfbffffff has been reserved
May 17 13:19:57 111 kernel: [    0.340095] system 00:02: ioport range 0x164e-0x164f has been reserved
May 17 13:19:57 111 kernel: [    0.340098] system 00:02: ioport range 0x600-0x60f has been reserved
May 17 13:19:57 111 kernel: [    0.340101] system 00:02: ioport range 0x610-0x610 has been reserved
May 17 13:19:57 111 kernel: [    0.340103] system 00:02: ioport range 0x800-0x80f has been reserved
May 17 13:19:57 111 kernel: [    0.340106] system 00:02: ioport range 0x810-0x817 has been reserved
May 17 13:19:57 111 kernel: [    0.340108] system 00:02: ioport range 0x820-0x823 has been reserved
May 17 13:19:57 111 kernel: [    0.340111] system 00:02: ioport range 0x400-0x47f has been reserved
May 17 13:19:57 111 kernel: [    0.340113] system 00:02: ioport range 0x500-0x53f has been reserved
May 17 13:19:57 111 kernel: [    0.340116] system 00:02: ioport range 0x380-0x38e has been reserved
May 17 13:19:57 111 kernel: [    0.340119] system 00:02: iomem range 0xf8000000-0xfbffffff has been reserved
May 17 13:19:57 111 kernel: [    0.340122] system 00:02: iomem range 0xfed1c000-0xfed1ffff has been reserved
May 17 13:19:57 111 kernel: [    0.340125] system 00:02: iomem range 0xfed10000-0xfed13fff has been reserved
May 17 13:19:57 111 kernel: [    0.340128] system 00:02: iomem range 0xfed18000-0xfed18fff has been reserved
May 17 13:19:57 111 kernel: [    0.340130] system 00:02: iomem range 0xfed19000-0xfed19fff has been reserved
May 17 13:19:57 111 kernel: [    0.340134] system 00:02: iomem range 0xfec00000-0xfec00fff could not be reserved
May 17 13:19:57 111 kernel: [    0.340137] system 00:02: iomem range 0xfed20000-0xfed3ffff has been reserved
May 17 13:19:57 111 kernel: [    0.340139] system 00:02: iomem range 0xfed40000-0xfed44fff has been reserved
May 17 13:19:57 111 kernel: [    0.340142] system 00:02: iomem range 0xfed45000-0xfed8ffff has been reserved
May 17 13:19:57 111 kernel: [    0.340145] system 00:02: iomem range 0xfee00000-0xfee00fff has been reserved
May 17 13:19:57 111 kernel: [    0.344932] pci 0000:00:1c.0: PCI bridge, secondary bus 0000:02
May 17 13:19:57 111 kernel: [    0.344935] pci 0000:00:1c.0:   IO window: 0x6000-0x6fff
May 17 13:19:57 111 kernel: [    0.344941] pci 0000:00:1c.0:   MEM window: 0xd9500000-0xda4fffff
May 17 13:19:57 111 kernel: [    0.344945] pci 0000:00:1c.0:   PREFETCH window: 0x000000d0400000-0x000000d13fffff
May 17 13:19:57 111 kernel: [    0.344954] pci 0000:00:1c.1: PCI bridge, secondary bus 0000:03
May 17 13:19:57 111 kernel: [    0.344957] pci 0000:00:1c.1:   IO window: 0x5000-0x5fff
May 17 13:19:57 111 kernel: [    0.344962] pci 0000:00:1c.1:   MEM window: 0xd8500000-0xd94fffff
May 17 13:19:57 111 kernel: [    0.344967] pci 0000:00:1c.1:   PREFETCH window: 0x000000d1400000-0x000000d23fffff
May 17 13:19:57 111 kernel: [    0.344973] pci 0000:00:1c.3: PCI bridge, secondary bus 0000:05
May 17 13:19:57 111 kernel: [    0.344976] pci 0000:00:1c.3:   IO window: 0x4000-0x4fff
May 17 13:19:57 111 kernel: [    0.344982] pci 0000:00:1c.3:   MEM window: 0xd7500000-0xd84fffff
May 17 13:19:57 111 kernel: [    0.344986] pci 0000:00:1c.3:   PREFETCH window: 0x000000d2400000-0x000000d33fffff
May 17 13:19:57 111 kernel: [    0.344993] pci 0000:00:1c.4: PCI bridge, secondary bus 0000:06
May 17 13:19:57 111 kernel: [    0.344996] pci 0000:00:1c.4:   IO window: 0x3000-0x3fff
May 17 13:19:57 111 kernel: [    0.345001] pci 0000:00:1c.4:   MEM window: 0xd6500000-0xd74fffff
May 17 13:19:57 111 kernel: [    0.345005] pci 0000:00:1c.4:   PREFETCH window: 0x000000d3400000-0x000000d43fffff
May 17 13:19:57 111 kernel: [    0.345012] pci 0000:00:1c.5: PCI bridge, secondary bus 0000:07
May 17 13:19:57 111 kernel: [    0.345015] pci 0000:00:1c.5:   IO window: 0x2000-0x2fff
May 17 13:19:57 111 kernel: [    0.345020] pci 0000:00:1c.5:   MEM window: 0xd5500000-0xd64fffff
May 17 13:19:57 111 kernel: [    0.345025] pci 0000:00:1c.5:   PREFETCH window: 0x000000d4400000-0x000000d53fffff
May 17 13:19:57 111 kernel: [    0.345032] pci 0000:00:1e.0: PCI bridge, secondary bus 0000:0a
May 17 13:19:57 111 kernel: [    0.345033] pci 0000:00:1e.0:   IO window: disabled
May 17 13:19:57 111 kernel: [    0.345038] pci 0000:00:1e.0:   MEM window: disabled
May 17 13:19:57 111 kernel: [    0.345042] pci 0000:00:1e.0:   PREFETCH window: disabled
May 17 13:19:57 111 kernel: [    0.345062] pci 0000:00:1c.0: PCI INT A -> GSI 17 (level, low) -> IRQ 17
May 17 13:19:57 111 kernel: [    0.345081] pci 0000:00:1c.1: PCI INT B -> GSI 16 (level, low) -> IRQ 16
May 17 13:19:57 111 kernel: [    0.345098] pci 0000:00:1c.3: PCI INT D -> GSI 19 (level, low) -> IRQ 19
May 17 13:19:57 111 kernel: [    0.345111] pci 0000:00:1c.4: PCI INT A -> GSI 17 (level, low) -> IRQ 17
May 17 13:19:57 111 kernel: [    0.345124] pci 0000:00:1c.5: PCI INT B -> GSI 16 (level, low) -> IRQ 16
May 17 13:19:57 111 kernel: [    0.345207] NET: Registered protocol family 2
May 17 13:19:57 111 kernel: [    0.345362] IP route cache hash table entries: 131072 (order: 8, 1048576 bytes)
May 17 13:19:57 111 kernel: [    0.346544] TCP established hash table entries: 524288 (order: 11, 8388608 bytes)
May 17 13:19:57 111 kernel: [    0.350508] TCP bind hash table entries: 65536 (order: 8, 1048576 bytes)
May 17 13:19:57 111 kernel: [    0.351009] TCP: Hash tables configured (established 524288 bind 65536)
May 17 13:19:57 111 kernel: [    0.351012] TCP reno registered
May 17 13:19:57 111 kernel: [    0.351132] NET: Registered protocol family 1
May 17 13:19:57 111 kernel: [    0.351563] Unpacking initramfs...
May 17 13:19:57 111 kernel: [    0.591349] Freeing initrd memory: 10742k freed
May 17 13:19:57 111 kernel: [    0.596577] Simple Boot Flag at 0x44 set to 0x1
May 17 13:19:57 111 kernel: [    0.596903] audit: initializing netlink socket (disabled)
May 17 13:19:57 111 kernel: [    0.596916] type=2000 audit(1305638384.595:1): initialized
May 17 13:19:57 111 kernel: [    0.600043] HugeTLB registered 2 MB page size, pre-allocated 0 pages
May 17 13:19:57 111 kernel: [    0.601318] VFS: Disk quotas dquot_6.5.2
May 17 13:19:57 111 kernel: [    0.601366] Dquot-cache hash table entries: 512 (order 0, 4096 bytes)
May 17 13:19:57 111 kernel: [    0.601443] msgmni has been set to 7742
May 17 13:19:57 111 kernel: [    0.601609] alg: No test for stdrng (krng)
May 17 13:19:57 111 kernel: [    0.601654] Block layer SCSI generic (bsg) driver version 0.4 loaded (major 253)
May 17 13:19:57 111 kernel: [    0.601657] io scheduler noop registered
May 17 13:19:57 111 kernel: [    0.601659] io scheduler anticipatory registered
May 17 13:19:57 111 kernel: [    0.601661] io scheduler deadline registered
May 17 13:19:57 111 kernel: [    0.601688] io scheduler cfq registered (default)
May 17 13:19:57 111 kernel: [    0.603893] Linux agpgart interface v0.103
May 17 13:19:57 111 kernel: [    0.603906] agpgart-intel 0000:00:00.0: Intel Mobile IntelÂ® GM45 Express Chipset
May 17 13:19:57 111 kernel: [    0.604616] agpgart-intel 0000:00:00.0: detected 65532K stolen memory
May 17 13:19:57 111 kernel: [    0.630736] agpgart-intel 0000:00:00.0: AGP aperture is 256M @ 0xc0000000
May 17 13:19:57 111 kernel: [    0.630783] Serial: 8250/16550 driver, 4 ports, IRQ sharing enabled
May 17 13:19:57 111 kernel: [    0.631116] input: Macintosh mouse button emulation as /devices/virtual/input/input0
May 17 13:19:57 111 kernel: [    0.631176] PNP: PS/2 Controller [PNP0303:KBC,PNP0f13:MOUE] at 0x60,0x64 irq 1,12
May 17 13:19:57 111 kernel: [    0.662050] serio: i8042 KBD port at 0x60,0x64 irq 1
May 17 13:19:57 111 kernel: [    0.662057] serio: i8042 AUX port at 0x60,0x64 irq 12
May 17 13:19:57 111 kernel: [    0.662123] mice: PS/2 mouse device common for all mice
May 17 13:19:57 111 kernel: [    0.662162] rtc_cmos 00:04: RTC can wake from S4
May 17 13:19:57 111 kernel: [    0.662198] rtc_cmos 00:04: rtc core: registered rtc_cmos as rtc0
May 17 13:19:57 111 kernel: [    0.662225] rtc0: alarms up to one month, 242 bytes nvram, hpet irqs
May 17 13:19:57 111 kernel: [    0.662235] cpuidle: using governor ladder
May 17 13:19:57 111 kernel: [    0.662236] cpuidle: using governor menu
May 17 13:19:57 111 kernel: [    0.662240] No iBFT detected.
May 17 13:19:57 111 kernel: [    0.662537] TCP cubic registered
May 17 13:19:57 111 kernel: [    0.662636] NET: Registered protocol family 10
May 17 13:19:57 111 kernel: [    0.663285] Mobile IPv6
May 17 13:19:57 111 kernel: [    0.663288] NET: Registered protocol family 17
May 17 13:19:57 111 kernel: [    0.663366] registered taskstats version 1
May 17 13:19:57 111 kernel: [    0.664125] rtc_cmos 00:04: setting system clock to 2011-05-17 13:19:45 UTC (1305638385)
May 17 13:19:57 111 kernel: [    0.664173] Initalizing network drop monitor service
May 17 13:19:57 111 kernel: [    0.664193] Freeing unused kernel memory: 592k freed
May 17 13:19:57 111 kernel: [    0.664332] Write protecting the kernel read-only data: 4236k
May 17 13:19:57 111 kernel: [    0.676969] udev[56]: starting version 164
May 17 13:19:57 111 kernel: [    0.688018] input: AT Translated Set 2 keyboard as /devices/platform/i8042/serio0/input/input1
May 17 13:19:57 111 kernel: [    0.796639] usbcore: registered new interface driver usbfs
May 17 13:19:57 111 kernel: [    0.796665] usbcore: registered new interface driver hub
May 17 13:19:57 111 kernel: [    0.796690] usbcore: registered new device driver usb
May 17 13:19:57 111 kernel: [    0.798776] r8169 Gigabit Ethernet driver 2.3LK-NAPI loaded
May 17 13:19:57 111 kernel: [    0.798815] r8169 0000:03:00.0: PCI INT A -> GSI 17 (level, low) -> IRQ 17
May 17 13:19:57 111 kernel: [    0.799457] eth0: RTL8102e at 0xffffc900050da000, 00:26:9e:a7:70:40, XID 04e00000 IRQ 29
May 17 13:19:57 111 kernel: [    0.804112] ehci_hcd: USB 2.0 'Enhanced' Host Controller (EHCI) Driver
May 17 13:19:57 111 kernel: [    0.804142] ehci_hcd 0000:00:1a.7: PCI INT D -> GSI 19 (level, low) -> IRQ 19
May 17 13:19:57 111 kernel: [    0.804170] ehci_hcd 0000:00:1a.7: EHCI Host Controller
May 17 13:19:57 111 kernel: [    0.804191] ehci_hcd 0000:00:1a.7: new USB bus registered, assigned bus number 1
May 17 13:19:57 111 kernel: [    0.804231] ehci_hcd 0000:00:1a.7: debug port 1
May 17 13:19:57 111 kernel: [    0.808147] ehci_hcd 0000:00:1a.7: irq 19, io mem 0xda505c00
May 17 13:19:57 111 kernel: [    0.812497] SCSI subsystem initialized
May 17 13:19:57 111 kernel: [    0.824087] ehci_hcd 0000:00:1a.7: USB 2.0 started, EHCI 1.00
May 17 13:19:57 111 kernel: [    0.824486] usb usb1: New USB device found, idVendor=1d6b, idProduct=0002
May 17 13:19:57 111 kernel: [    0.824489] usb usb1: New USB device strings: Mfr=3, Product=2, SerialNumber=1
May 17 13:19:57 111 kernel: [    0.824491] usb usb1: Product: EHCI Host Controller
May 17 13:19:57 111 kernel: [    0.824493] usb usb1: Manufacturer: Linux 2.6.32-5-amd64 ehci_hcd
May 17 13:19:57 111 kernel: [    0.824495] usb usb1: SerialNumber: 0000:00:1a.7
May 17 13:19:57 111 kernel: [    0.824577] usb usb1: configuration #1 chosen from 1 choice
May 17 13:19:57 111 kernel: [    0.824607] hub 1-0:1.0: USB hub found
May 17 13:19:57 111 kernel: [    0.824615] hub 1-0:1.0: 4 ports detected
May 17 13:19:57 111 kernel: [    0.824694] ehci_hcd 0000:00:1d.7: PCI INT A -> GSI 20 (level, low) -> IRQ 20
May 17 13:19:57 111 kernel: [    0.824735] ehci_hcd 0000:00:1d.7: EHCI Host Controller
May 17 13:19:57 111 kernel: [    0.824745] ehci_hcd 0000:00:1d.7: new USB bus registered, assigned bus number 2
May 17 13:19:57 111 kernel: [    0.824782] ehci_hcd 0000:00:1d.7: debug port 1
May 17 13:19:57 111 kernel: [    0.828697] b43-pci-bridge 0000:02:00.0: PCI INT A -> GSI 16 (level, low) -> IRQ 16
May 17 13:19:57 111 kernel: [    0.829828] ehci_hcd 0000:00:1d.7: irq 20, io mem 0xda505800
May 17 13:19:57 111 kernel: [    0.830338] ACPI Exception: AE_OK, No or invalid critical threshold (20090903/thermal-386)
May 17 13:19:57 111 kernel: [    0.843909] ehci_hcd 0000:00:1d.7: USB 2.0 started, EHCI 1.00
May 17 13:19:57 111 kernel: [    0.843936] usb usb2: New USB device found, idVendor=1d6b, idProduct=0002
May 17 13:19:57 111 kernel: [    0.843938] usb usb2: New USB device strings: Mfr=3, Product=2, SerialNumber=1
May 17 13:19:57 111 kernel: [    0.843940] usb usb2: Product: EHCI Host Controller
May 17 13:19:57 111 kernel: [    0.843942] usb usb2: Manufacturer: Linux 2.6.32-5-amd64 ehci_hcd
May 17 13:19:57 111 kernel: [    0.843944] usb usb2: SerialNumber: 0000:00:1d.7
May 17 13:19:57 111 kernel: [    0.844024] usb usb2: configuration #1 chosen from 1 choice
May 17 13:19:57 111 kernel: [    0.844052] hub 2-0:1.0: USB hub found
May 17 13:19:57 111 kernel: [    0.844060] hub 2-0:1.0: 8 ports detected
May 17 13:19:57 111 kernel: [    0.847522] ahci 0000:00:1f.2: PCI INT B -> GSI 19 (level, low) -> IRQ 19
May 17 13:19:57 111 kernel: [    0.847632] ahci: SSS flag set, parallel bus scan disabled
May 17 13:19:57 111 kernel: [    0.847663] ahci 0000:00:1f.2: AHCI 0001.0200 32 slots 4 ports 3 Gbps 0x33 impl SATA mode
May 17 13:19:57 111 kernel: [    0.847667] ahci 0000:00:1f.2: flags: 64bit ncq sntf stag pm led clo pmp pio slum part ccc ems sxs 
May 17 13:19:57 111 kernel: [    0.849072] uhci_hcd: USB Universal Host Controller Interface driver
May 17 13:19:57 111 kernel: [    0.867907] scsi0 : ahci
May 17 13:19:57 111 kernel: [    0.868020] scsi1 : ahci
May 17 13:19:57 111 kernel: [    0.868106] scsi2 : ahci
May 17 13:19:57 111 kernel: [    0.868194] scsi3 : ahci
May 17 13:19:57 111 kernel: [    0.868275] scsi4 : ahci
May 17 13:19:57 111 kernel: [    0.868359] scsi5 : ahci
May 17 13:19:57 111 kernel: [    0.868566] ata1: SATA max UDMA/133 abar m2048@0xda505000 port 0xda505100 irq 30
May 17 13:19:57 111 kernel: [    0.868571] ata2: SATA max UDMA/133 abar m2048@0xda505000 port 0xda505180 irq 30
May 17 13:19:57 111 kernel: [    0.868573] ata3: DUMMY
May 17 13:19:57 111 kernel: [    0.868574] ata4: DUMMY
May 17 13:19:57 111 kernel: [    0.868576] ata5: SATA max UDMA/133 abar m2048@0xda505000 port 0xda505300 irq 30
May 17 13:19:57 111 kernel: [    0.868582] ata6: SATA max UDMA/133 abar m2048@0xda505000 port 0xda505380 irq 30
May 17 13:19:57 111 kernel: [    0.868915] uhci_hcd 0000:00:1a.0: PCI INT A -> GSI 16 (level, low) -> IRQ 16
May 17 13:19:57 111 kernel: [    0.869010] uhci_hcd 0000:00:1a.0: UHCI Host Controller
May 17 13:19:57 111 kernel: [    0.869022] uhci_hcd 0000:00:1a.0: new USB bus registered, assigned bus number 3
May 17 13:19:57 111 kernel: [    0.869180] uhci_hcd 0000:00:1a.0: irq 16, io base 0x000070e0
May 17 13:19:57 111 kernel: [    0.869258] usb usb3: New USB device found, idVendor=1d6b, idProduct=0001
May 17 13:19:57 111 kernel: [    0.869260] usb usb3: New USB device strings: Mfr=3, Product=2, SerialNumber=1
May 17 13:19:57 111 kernel: [    0.869262] usb usb3: Product: UHCI Host Controller
May 17 13:19:57 111 kernel: [    0.869264] usb usb3: Manufacturer: Linux 2.6.32-5-amd64 uhci_hcd
May 17 13:19:57 111 kernel: [    0.869266] usb usb3: SerialNumber: 0000:00:1a.0
May 17 13:19:57 111 kernel: [    0.869334] usb usb3: configuration #1 chosen from 1 choice
May 17 13:19:57 111 kernel: [    0.869361] hub 3-0:1.0: USB hub found
May 17 13:19:57 111 kernel: [    0.869368] hub 3-0:1.0: 2 ports detected
May 17 13:19:57 111 kernel: [    0.869483] uhci_hcd 0000:00:1a.1: PCI INT B -> GSI 21 (level, low) -> IRQ 21
May 17 13:19:57 111 kernel: [    0.869515] uhci_hcd 0000:00:1a.1: UHCI Host Controller
May 17 13:19:57 111 kernel: [    0.869523] uhci_hcd 0000:00:1a.1: new USB bus registered, assigned bus number 4
May 17 13:19:57 111 kernel: [    0.869657] uhci_hcd 0000:00:1a.1: irq 21, io base 0x000070c0
May 17 13:19:57 111 kernel: [    0.869699] usb usb4: New USB device found, idVendor=1d6b, idProduct=0001
May 17 13:19:57 111 kernel: [    0.869701] usb usb4: New USB device strings: Mfr=3, Product=2, SerialNumber=1
May 17 13:19:57 111 kernel: [    0.869703] usb usb4: Product: UHCI Host Controller
May 17 13:19:57 111 kernel: [    0.869705] usb usb4: Manufacturer: Linux 2.6.32-5-amd64 uhci_hcd
May 17 13:19:57 111 kernel: [    0.869707] usb usb4: SerialNumber: 0000:00:1a.1
May 17 13:19:57 111 kernel: [    0.869757] usb usb4: configuration #1 chosen from 1 choice
May 17 13:19:57 111 kernel: [    0.869783] hub 4-0:1.0: USB hub found
May 17 13:19:57 111 kernel: [    0.869789] hub 4-0:1.0: 2 ports detected
May 17 13:19:57 111 kernel: [    0.869833] uhci_hcd 0000:00:1d.0: PCI INT A -> GSI 20 (level, low) -> IRQ 20
May 17 13:19:57 111 kernel: [    0.869841] uhci_hcd 0000:00:1d.0: UHCI Host Controller
May 17 13:19:57 111 kernel: [    0.869848] uhci_hcd 0000:00:1d.0: new USB bus registered, assigned bus number 5
May 17 13:19:57 111 kernel: [    0.869873] uhci_hcd 0000:00:1d.0: irq 20, io base 0x000070a0
May 17 13:19:57 111 kernel: [    0.869904] usb usb5: New USB device found, idVendor=1d6b, idProduct=0001
May 17 13:19:57 111 kernel: [    0.869906] usb usb5: New USB device strings: Mfr=3, Product=2, SerialNumber=1
May 17 13:19:57 111 kernel: [    0.869908] usb usb5: Product: UHCI Host Controller
May 17 13:19:57 111 kernel: [    0.869910] usb usb5: Manufacturer: Linux 2.6.32-5-amd64 uhci_hcd
May 17 13:19:57 111 kernel: [    0.869912] usb usb5: SerialNumber: 0000:00:1d.0
May 17 13:19:57 111 kernel: [    0.869962] usb usb5: configuration #1 chosen from 1 choice
May 17 13:19:57 111 kernel: [    0.869987] hub 5-0:1.0: USB hub found
May 17 13:19:57 111 kernel: [    0.869992] hub 5-0:1.0: 2 ports detected
May 17 13:19:57 111 kernel: [    0.870037] uhci_hcd 0000:00:1d.1: PCI INT B -> GSI 19 (level, low) -> IRQ 19
May 17 13:19:57 111 kernel: [    0.870046] uhci_hcd 0000:00:1d.1: UHCI Host Controller
May 17 13:19:57 111 kernel: [    0.870052] uhci_hcd 0000:00:1d.1: new USB bus registered, assigned bus number 6
May 17 13:19:57 111 kernel: [    0.870078] uhci_hcd 0000:00:1d.1: irq 19, io base 0x00007080
May 17 13:19:57 111 kernel: [    0.870109] usb usb6: New USB device found, idVendor=1d6b, idProduct=0001
May 17 13:19:57 111 kernel: [    0.870112] usb usb6: New USB device strings: Mfr=3, Product=2, SerialNumber=1
May 17 13:19:57 111 kernel: [    0.870114] usb usb6: Product: UHCI Host Controller
May 17 13:19:57 111 kernel: [    0.870115] usb usb6: Manufacturer: Linux 2.6.32-5-amd64 uhci_hcd
May 17 13:19:57 111 kernel: [    0.870117] usb usb6: SerialNumber: 0000:00:1d.1
May 17 13:19:57 111 kernel: [    0.870168] usb usb6: configuration #1 chosen from 1 choice
May 17 13:19:57 111 kernel: [    0.870193] hub 6-0:1.0: USB hub found
May 17 13:19:57 111 kernel: [    0.870199] hub 6-0:1.0: 2 ports detected
May 17 13:19:57 111 kernel: [    0.870240] uhci_hcd 0000:00:1d.2: PCI INT D -> GSI 16 (level, low) -> IRQ 16
May 17 13:19:57 111 kernel: [    0.870249] uhci_hcd 0000:00:1d.2: UHCI Host Controller
May 17 13:19:57 111 kernel: [    0.870255] uhci_hcd 0000:00:1d.2: new USB bus registered, assigned bus number 7
May 17 13:19:57 111 kernel: [    0.870280] uhci_hcd 0000:00:1d.2: irq 16, io base 0x00007060
May 17 13:19:57 111 kernel: [    0.870312] usb usb7: New USB device found, idVendor=1d6b, idProduct=0001
May 17 13:19:57 111 kernel: [    0.870315] usb usb7: New USB device strings: Mfr=3, Product=2, SerialNumber=1
May 17 13:19:57 111 kernel: [    0.870317] usb usb7: Product: UHCI Host Controller
May 17 13:19:57 111 kernel: [    0.870318] usb usb7: Manufacturer: Linux 2.6.32-5-amd64 uhci_hcd
May 17 13:19:57 111 kernel: [    0.870320] usb usb7: SerialNumber: 0000:00:1d.2
May 17 13:19:57 111 kernel: [    0.870370] usb usb7: configuration #1 chosen from 1 choice
May 17 13:19:57 111 kernel: [    0.870397] hub 7-0:1.0: USB hub found
May 17 13:19:57 111 kernel: [    0.870403] hub 7-0:1.0: 2 ports detected
May 17 13:19:57 111 kernel: [    0.870449] uhci_hcd 0000:00:1d.3: PCI INT C -> GSI 18 (level, low) -> IRQ 18
May 17 13:19:57 111 kernel: [    0.870457] uhci_hcd 0000:00:1d.3: UHCI Host Controller
May 17 13:19:57 111 kernel: [    0.870463] uhci_hcd 0000:00:1d.3: new USB bus registered, assigned bus number 8
May 17 13:19:57 111 kernel: [    0.870495] uhci_hcd 0000:00:1d.3: irq 18, io base 0x00007040
May 17 13:19:57 111 kernel: [    0.870527] usb usb8: New USB device found, idVendor=1d6b, idProduct=0001
May 17 13:19:57 111 kernel: [    0.870529] usb usb8: New USB device strings: Mfr=3, Product=2, SerialNumber=1
May 17 13:19:57 111 kernel: [    0.870531] usb usb8: Product: UHCI Host Controller
May 17 13:19:57 111 kernel: [    0.870532] usb usb8: Manufacturer: Linux 2.6.32-5-amd64 uhci_hcd
May 17 13:19:57 111 kernel: [    0.870534] usb usb8: SerialNumber: 0000:00:1d.3
May 17 13:19:57 111 kernel: [    0.870585] usb usb8: configuration #1 chosen from 1 choice
May 17 13:19:57 111 kernel: [    0.870609] hub 8-0:1.0: USB hub found
May 17 13:19:57 111 kernel: [    0.870617] hub 8-0:1.0: 2 ports detected
May 17 13:19:57 111 kernel: [    0.888162] ssb: Sonics Silicon Backplane found on PCI device 0000:02:00.0
May 17 13:19:57 111 kernel: [    1.156009] usb 2-4: new high speed USB device using ehci_hcd and address 2
May 17 13:19:57 111 kernel: [    1.322839] usb 2-4: New USB device found, idVendor=064e, idProduct=a127
May 17 13:19:57 111 kernel: [    1.322842] usb 2-4: New USB device strings: Mfr=2, Product=1, SerialNumber=3
May 17 13:19:57 111 kernel: [    1.322844] usb 2-4: Product: HP Webcam
May 17 13:19:57 111 kernel: [    1.322846] usb 2-4: Manufacturer: SuYin
May 17 13:19:57 111 kernel: [    1.322847] usb 2-4: SerialNumber: CN0316-S30C-OV10-VH-R02.01.00
May 17 13:19:57 111 kernel: [    1.322928] usb 2-4: configuration #1 chosen from 1 choice
May 17 13:19:57 111 kernel: [    1.352516] ata1: SATA link up 3.0 Gbps (SStatus 123 SControl 300)
May 17 13:19:57 111 kernel: [    1.353271] ata1.00: ATA-8: Hitachi HTS725032A9A364, PC3OC70E, max UDMA/100
May 17 13:19:57 111 kernel: [    1.353274] ata1.00: 625142448 sectors, multi 16: LBA48 NCQ (depth 31/32), AA
May 17 13:19:57 111 kernel: [    1.354199] ata1.00: configured for UDMA/100
May 17 13:19:57 111 kernel: [    1.384107] scsi 0:0:0:0: Direct-Access     ATA      Hitachi HTS72503 PC3O PQ: 0 ANSI: 5
May 17 13:19:57 111 kernel: [    2.272013] ata2: SATA link up 1.5 Gbps (SStatus 113 SControl 300)
May 17 13:19:57 111 kernel: [    2.286349] ata2.00: ATAPI: hp      DVD RW AD-7561S, AH73, max UDMA/100
May 17 13:19:57 111 kernel: [    2.301592] ata2.00: configured for UDMA/100
May 17 13:19:57 111 kernel: [    2.317054] scsi 1:0:0:0: CD-ROM            hp       DVD RW AD-7561S  AH73 PQ: 0 ANSI: 5
May 17 13:19:57 111 kernel: [    2.636514] ata5: SATA link down (SStatus 0 SControl 300)
May 17 13:19:57 111 kernel: [    2.972014] ata6: SATA link down (SStatus 0 SControl 300)
May 17 13:19:57 111 kernel: [    2.996408] sd 0:0:0:0: [sda] 625142448 512-byte logical blocks: (320 GB/298 GiB)
May 17 13:19:57 111 kernel: [    2.996458] sd 0:0:0:0: [sda] Write Protect is off
May 17 13:19:57 111 kernel: [    2.996481] sd 0:0:0:0: [sda] Write cache: enabled, read cache: enabled, doesn't support DPO or FUA
May 17 13:19:57 111 kernel: [    2.996628]  sda:sr0: scsi3-mmc drive: 62x/62x writer dvd-ram cd/rw xa/form2 cdda tray
May 17 13:19:57 111 kernel: [    3.000245] Uniform CD-ROM driver Revision: 3.20
May 17 13:19:57 111 kernel: [    3.026069]  sda1 sda2 sda3 < sda5 sda6 > sda4
May 17 13:19:57 111 kernel: [    3.056944] sd 0:0:0:0: [sda] Attached SCSI disk
May 17 13:19:57 111 kernel: [    3.060706] sd 0:0:0:0: Attached scsi generic sg0 type 0
May 17 13:19:57 111 kernel: [    3.060803] sr 1:0:0:0: Attached scsi generic sg1 type 5
May 17 13:19:57 111 kernel: [    5.749569] PM: Starting manual resume from disk
May 17 13:19:57 111 kernel: [    5.799839] EXT4-fs (sda6): mounted filesystem with ordered data mode
May 17 13:19:57 111 kernel: [    6.921025] udev[475]: starting version 164
May 17 13:19:57 111 kernel: [    7.115366] ACPI: SSDT 00000000b9eb4c98 00223 (v01  PmRef  Cpu0Ist 00003000 INTL 20051117)
May 17 13:19:57 111 kernel: [    7.115931] ACPI: SSDT 00000000b9eb2618 005B3 (v01  PmRef  Cpu0Cst 00003001 INTL 20051117)
May 17 13:19:57 111 kernel: [    7.184762] Marking TSC unstable due to TSC halts in idle
May 17 13:19:57 111 kernel: [    7.184860] processor LNXCPU:00: registered as cooling_device0
May 17 13:19:57 111 kernel: [    7.185488] ACPI: SSDT 00000000b9eb3e18 001CF (v01  PmRef    ApIst 00003000 INTL 20051117)
May 17 13:19:57 111 kernel: [    7.185938] ACPI: SSDT 00000000b9eb4f18 0008D (v01  PmRef    ApCst 00003000 INTL 20051117)
May 17 13:19:57 111 kernel: [    7.189291] Switching to clocksource hpet
May 17 13:19:57 111 kernel: [    7.189658] processor LNXCPU:01: registered as cooling_device1
May 17 13:19:57 111 kernel: [    7.294105] input: Power Button as /devices/LNXSYSTM:00/LNXSYBUS:00/PNP0C0C:00/input/input2
May 17 13:19:57 111 kernel: [    7.294112] ACPI: Power Button [PWRB]
May 17 13:19:57 111 kernel: [    7.294159] input: Lid Switch as /devices/LNXSYSTM:00/LNXSYBUS:00/PNP0C0D:00/input/input3
May 17 13:19:57 111 kernel: [    7.294572] ACPI: Lid Switch [LID0]
May 17 13:19:57 111 kernel: [    7.294629] input: Sleep Button as /devices/LNXSYSTM:00/LNXSYBUS:00/PNP0C0E:00/input/input4
May 17 13:19:57 111 kernel: [    7.294634] ACPI: Sleep Button [SLPB]
May 17 13:19:57 111 kernel: [    7.294705] input: Power Button as /devices/LNXSYSTM:00/LNXPWRBN:00/input/input5
May 17 13:19:57 111 kernel: [    7.294708] ACPI: Power Button [PWRF]
May 17 13:19:57 111 kernel: [    7.309280] ACPI: AC Adapter [ACAD] (off-line)
May 17 13:19:57 111 kernel: [    7.460875] input: PC Speaker as /devices/platform/pcspkr/input/input6
May 17 13:19:57 111 kernel: [    7.470339] ACPI: Battery Slot [BAT0] (battery present)
May 17 13:19:57 111 kernel: [    7.681281] i801_smbus 0000:00:1f.3: PCI INT C -> GSI 18 (level, low) -> IRQ 18
May 17 13:19:57 111 kernel: [    7.681343] ACPI: If an ACPI driver is available for this device, you should use it instead of the native driver
May 17 13:19:57 111 kernel: [    7.688284] ACPI: WMI: Mapper loaded
May 17 13:19:57 111 kernel: [    7.716135] lis3lv02d: laptop model unknown, using default axes configuration
May 17 13:19:57 111 kernel: [    7.728768] lis3lv02d: 1-byte sensor found
May 17 13:19:57 111 kernel: [    7.797503] cfg80211: Using static regulatory domain info
May 17 13:19:57 111 kernel: [    7.797506] cfg80211: Regulatory domain: US
May 17 13:19:57 111 kernel: [    7.797507] 	(start_freq - end_freq @ bandwidth), (max_antenna_gain, max_eirp)
May 17 13:19:57 111 kernel: [    7.797510] 	(2402000 KHz - 2472000 KHz @ 40000 KHz), (600 mBi, 2700 mBm)
May 17 13:19:57 111 kernel: [    7.797513] 	(5170000 KHz - 5190000 KHz @ 40000 KHz), (600 mBi, 2300 mBm)
May 17 13:19:57 111 kernel: [    7.797515] 	(5190000 KHz - 5210000 KHz @ 40000 KHz), (600 mBi, 2300 mBm)
May 17 13:19:57 111 kernel: [    7.797517] 	(5210000 KHz - 5230000 KHz @ 40000 KHz), (600 mBi, 2300 mBm)
May 17 13:19:57 111 kernel: [    7.797520] 	(5230000 KHz - 5330000 KHz @ 40000 KHz), (600 mBi, 2300 mBm)
May 17 13:19:57 111 kernel: [    7.797522] 	(5735000 KHz - 5835000 KHz @ 40000 KHz), (600 mBi, 3000 mBm)
May 17 13:19:57 111 kernel: [    7.797638] cfg80211: Calling CRDA for country: US
May 17 13:19:57 111 kernel: [    7.801014] Linux video capture interface: v2.00
May 17 13:19:57 111 kernel: [    7.810241] uvcvideo: Found UVC 1.00 device HP Webcam (064e:a127)
May 17 13:19:57 111 kernel: [    7.826636] input: HP Webcam as /devices/pci0000:00/0000:00:1d.7/usb2/2-4/2-4:1.0/input/input7
May 17 13:19:57 111 kernel: [    7.826696] usbcore: registered new interface driver uvcvideo
May 17 13:19:57 111 kernel: [    7.826698] USB Video Class driver (v0.1.0)
May 17 13:19:57 111 kernel: [    7.888819] input: ST LIS3LV02DL Accelerometer as /devices/platform/lis3lv02d/input/input8
May 17 13:19:57 111 kernel: [    7.888916] Registered led device: hp::hddprotect
May 17 13:19:57 111 kernel: [    7.888931] lis3lv02d driver loaded.
May 17 13:19:57 111 kernel: [    7.996702] b43-phy0: Broadcom 4312 WLAN found (core revision 15)
May 17 13:19:57 111 kernel: [    8.116152] [drm] Initialized drm 1.1.0 20060810
May 17 13:19:57 111 kernel: [    8.262255] HDA Intel 0000:00:1b.0: PCI INT A -> GSI 22 (level, low) -> IRQ 22
May 17 13:19:57 111 kernel: [    8.282308] Registered led device: b43-phy0::tx
May 17 13:19:57 111 kernel: [    8.282324] Registered led device: b43-phy0::rx
May 17 13:19:57 111 kernel: [    8.282344] Registered led device: b43-phy0::radio
May 17 13:19:57 111 kernel: [    8.282400] Broadcom 43xx driver loaded [ Features: PMLS, Firmware-ID: FW13 ]
May 17 13:19:57 111 kernel: [    8.382740] input: HDA Digital PCBeep as /devices/pci0000:00/0000:00:1b.0/input/input9
May 17 13:19:57 111 kernel: [    8.445624] input: HDA Intel Mic at Ext Front Jack as /devices/pci0000:00/0000:00:1b.0/sound/card0/input10
May 17 13:19:57 111 kernel: [    8.445702] input: HDA Intel Line Out at Ext Front Jack as /devices/pci0000:00/0000:00:1b.0/sound/card0/input11
May 17 13:19:57 111 kernel: [    8.445946] i915 0000:00:02.0: PCI INT A -> GSI 16 (level, low) -> IRQ 16
May 17 13:19:57 111 kernel: [    8.469998] [drm] set up 63M of stolen space
May 17 13:19:57 111 kernel: [    8.658325] Synaptics Touchpad, model: 1, fw: 6.5, id: 0x1c0b1, caps: 0xa04751/0xa00000/0x0
May 17 13:19:57 111 kernel: [    8.736134] input: SynPS/2 Synaptics TouchPad as /devices/platform/i8042/serio1/input/input12
May 17 13:19:57 111 kernel: [    9.645871] Console: switching to colour frame buffer device 170x48
May 17 13:19:57 111 kernel: [    9.648702] fb0: inteldrmfb frame buffer device
May 17 13:19:57 111 kernel: [    9.648703] registered panic notifier
May 17 13:19:57 111 kernel: [    9.653802] ACPI Error (dswload-0781): [_T_0] Namespace lookup failure, AE_ALREADY_EXISTS
May 17 13:19:57 111 kernel: [    9.653808] ACPI Exception: AE_ALREADY_EXISTS, During name lookup/catalog (20090903/psloop-230)
May 17 13:19:57 111 kernel: [    9.653813] ACPI Error (psparse-0537): Method parse/execution failed [\_SB_.PCI0.OVGA.DD03.GBQC] (Node ffff88013fa3c500), AE_ALREADY_EXISTS
May 17 13:19:57 111 kernel: [    9.653824] ACPI: Marking method GBQC as Serialized because of AE_ALREADY_EXISTS error
May 17 13:19:57 111 kernel: [    9.653859] ACPI Error (psparse-0537): Method parse/execution failed [\_SB_.PCI0.OVGA.DD03._BQC] (Node ffff88013fa3c4e0), AE_ALREADY_EXISTS
May 17 13:19:57 111 kernel: [    9.653869] ACPI: Marking method _BQC as Serialized because of AE_ALREADY_EXISTS error
May 17 13:19:57 111 kernel: [    9.653910] ACPI Warning: Evaluating _BQC failed (20090903/video-641)
May 17 13:19:57 111 kernel: [    9.956791] acpi device:02: registered as cooling_device2
May 17 13:19:57 111 kernel: [    9.957119] input: Video Bus as /devices/LNXSYSTM:00/LNXSYBUS:00/PNP0A08:00/LNXVIDEO:00/input/input13
May 17 13:19:57 111 kernel: [    9.957168] ACPI: Video Device [OVGA] (multi-head: yes  rom: no  post: no)
May 17 13:19:57 111 kernel: [    9.957237] [drm] Initialized i915 1.6.0 20080730 for 0000:00:02.0 on minor 0
May 17 13:19:57 111 kernel: [   10.507415] Adding 3616760k swap on /dev/sda5.  Priority:-1 extents:1 across:3616760k 
May 17 13:19:57 111 kernel: [   10.697851] loop: module loaded
May 17 13:19:57 111 kernel: [   11.688948] fuse init (API version 7.13)
May 17 13:19:57 111 kernel: [   12.506860] VBoxDrv: dbg - g_abExecMemory=ffffffffa03f76c0
May 17 13:19:57 111 kernel: [   12.506881] vboxdrv: fAsync=0 offMin=0x18c offMax=0x82a
May 17 13:19:57 111 kernel: [   12.507247] vboxdrv: TSC mode is 'synchronous', kernel timer mode is 'normal'.
May 17 13:19:57 111 kernel: [   13.154251] input: ACPI Virtual Keyboard Device as /devices/virtual/input/input14
May 17 13:19:58 111 kernel: [   13.416336] b43 ssb0:0: firmware: requesting b43/ucode15.fw
May 17 13:19:58 111 kernel: [   13.707134] b43 ssb0:0: firmware: requesting b43/lp0initvals15.fw
May 17 13:19:58 111 kernel: [   13.823158] b43 ssb0:0: firmware: requesting b43/lp0bsinitvals15.fw
May 17 13:19:58 111 kernel: [   14.004332] b43-phy0: Loading firmware version 478.104 (2008-07-01 00:50:23)
May 17 13:20:04 111 kernel: [   19.577670] ADDRCONF(NETDEV_UP): wlan0: link is not ready
May 17 13:20:04 111 kernel: [   19.587316] r8169: eth0: link down
May 17 13:20:04 111 kernel: [   19.588265] ADDRCONF(NETDEV_UP): eth0: link is not ready
May 17 13:20:04 111 kernel: [   19.862877] lp: driver loaded but no devices found
May 17 13:20:04 111 kernel: [   19.955114] ppdev: user-space parallel port driver
May 17 13:20:35 111 kernel: [   51.096515] ADDRCONF(NETDEV_CHANGE): wlan0: link becomes ready
May 17 13:20:35 111 kernel: [   51.096574] cfg80211: Calling CRDA for country: US
May 17 13:20:37 111 kernel: [   52.458680] padlock: VIA PadLock not detected.
May 17 13:20:43 111 kernel: [   59.118596] UDF-fs: No VRS found
May 17 13:20:43 111 kernel: [   59.118601] UDF-fs: No partition found (1)
May 17 13:21:36 111 kernel: [  111.416962] REISERFS (device sda4): found reiserfs format "3.6" with standard journal
May 17 13:21:36 111 kernel: [  111.417027] REISERFS (device sda4): using ordered data mode
May 17 13:21:36 111 kernel: [  111.425896] REISERFS (device sda4): journal params: device sda4, size 8192, journal first block 18, max trans len 1024, max batch 900, max commit age 30, max trans age 30
May 17 13:21:36 111 kernel: [  111.426602] REISERFS (device sda4): checking transaction log (sda4)
May 17 13:21:36 111 kernel: [  111.472905] REISERFS (device sda4): Using r5 hash to sort names
May 17 13:22:12 111 kernel: [  148.056363] CE: hpet increasing min_delta_ns to 15000 nsec
May 17 13:22:17 111 kernel: [  153.112554] CE: hpet increasing min_delta_ns to 22500 nsec
May 17 13:22:21 111 kernel: [  156.404691] CE: hpet increasing min_delta_ns to 33750 nsec
May 17 13:28:43 111 kernel: [  538.317405] warning: `VirtualBox' uses 32-bit capabilities (legacy support in use)
May 17 13:36:41 111 kernel: [ 1016.317361] CE: hpet increasing min_delta_ns to 50624 nsec
May 17 16:00:55 111 kernel: [ 9670.648172] usb 1-3: new high speed USB device using ehci_hcd and address 2
May 17 16:00:55 111 kernel: [ 9670.786468] usb 1-3: New USB device found, idVendor=05ac, idProduct=1294
May 17 16:00:55 111 kernel: [ 9670.786474] usb 1-3: New USB device strings: Mfr=1, Product=2, SerialNumber=3
May 17 16:00:55 111 kernel: [ 9670.786478] usb 1-3: Product: iPhone
May 17 16:00:55 111 kernel: [ 9670.786481] usb 1-3: Manufacturer: Apple Inc.
May 17 16:00:55 111 kernel: [ 9670.786484] usb 1-3: SerialNumber: 0be6b178a52223346decc0dc3d60bff0f4611d29
May 17 16:00:55 111 kernel: [ 9670.786627] usb 1-3: configuration #1 chosen from 4 choices
May 17 16:00:56 111 kernel: [ 9671.186521] ipheth 1-3:4.2: Apple iPhone USB Ethernet device attached
May 17 16:00:56 111 kernel: [ 9671.186559] usbcore: registered new interface driver ipheth
May 17 16:00:56 111 kernel: [ 9671.208924] ADDRCONF(NETDEV_UP): eth1: link is not ready
May 17 16:18:35 111 kernel: [10730.780640] __ratelimit: 4 callbacks suppressed
May 17 16:18:58 111 kernel: [10753.477223] __ratelimit: 4 callbacks suppressed
May 17 16:19:08 111 kernel: [10763.184625] __ratelimit: 4 callbacks suppressed
May 17 16:45:05 111 kernel: [12320.684546] __ratelimit: 4 callbacks suppressed
May 17 16:45:15 111 kernel: [12330.396556] __ratelimit: 4 callbacks suppressed
May 17 16:45:24 111 kernel: [12340.108525] __ratelimit: 4 callbacks suppressed
May 17 16:46:19 111 kernel: [12394.543653] atkbd.c: Unknown key pressed (translated set 2, code 0x94 on isa0060/serio0).
May 17 16:46:19 111 kernel: [12394.543659] atkbd.c: Use 'setkeycodes e014 <keycode>' to make it known.
May 17 16:46:19 111 kernel: [12394.548662] atkbd.c: Unknown key released (translated set 2, code 0x94 on isa0060/serio0).
May 17 16:46:19 111 kernel: [12394.548667] atkbd.c: Use 'setkeycodes e014 <keycode>' to make it known.
May 17 16:46:20 111 kernel: [12395.804763] __ratelimit: 4 callbacks suppressed
May 17 16:46:20 111 kernel: [12395.804768] b43-phy0: Radio hardware status changed to DISABLED
May 17 16:46:22 111 kernel: [12398.031080] atkbd.c: Unknown key pressed (translated set 2, code 0x94 on isa0060/serio0).
May 17 16:46:22 111 kernel: [12398.031084] atkbd.c: Use 'setkeycodes e014 <keycode>' to make it known.
May 17 16:46:22 111 kernel: [12398.047452] atkbd.c: Unknown key released (translated set 2, code 0x94 on isa0060/serio0).
May 17 16:46:22 111 kernel: [12398.047456] atkbd.c: Use 'setkeycodes e014 <keycode>' to make it known.
May 17 16:46:26 111 kernel: [12401.824771] b43-phy0: Radio hardware status changed to ENABLED
May 17 16:46:27 111 kernel: [12402.408910] b43-phy0: Loading firmware version 478.104 (2008-07-01 00:50:23)
May 17 16:46:32 111 kernel: [12407.921214] ADDRCONF(NETDEV_UP): wlan0: link is not ready
May 17 16:48:31 111 kernel: [12527.082490] ADDRCONF(NETDEV_CHANGE): wlan0: link becomes ready
May 17 17:25:41 111 shutdown[23252]: shutting down for system halt
May 17 17:25:46 111 kernel: Kernel logging (proc) stopped.
May 17 17:25:46 111 rsyslogd: [origin software="rsyslogd" swVersion="4.6.4" x-pid="1343" x-info="http://www.rsyslog.com"] exiting on signal 15.
May 17 20:19:00 111 kernel: imklog 4.6.4, log source = /proc/kmsg started.
May 17 20:19:00 111 rsyslogd: [origin software="rsyslogd" swVersion="4.6.4" x-pid="1428" x-info="http://www.rsyslog.com"] (re)start
May 17 20:19:00 111 kernel: [    0.000000] Initializing cgroup subsys cpuset
May 17 20:19:00 111 kernel: [    0.000000] Initializing cgroup subsys cpu
May 17 20:19:00 111 kernel: [    0.000000] Linux version 2.6.32-5-amd64 (Debian 2.6.32-34) (dannf@debian.org) (gcc version 4.3.5 (Debian 4.3.5-4) ) #1 SMP Wed May 4 22:04:54 UTC 2011
May 17 20:19:00 111 kernel: [    0.000000] Command line: BOOT_IMAGE=/boot/vmlinuz-2.6.32-5-amd64 root=UUID=efbca59c-ad25-4ad4-9c60-cff7aebad3ab ro quiet
May 17 20:19:00 111 kernel: [    0.000000] KERNEL supported cpus:
May 17 20:19:00 111 kernel: [    0.000000]   Intel GenuineIntel
May 17 20:19:00 111 kernel: [    0.000000]   AMD AuthenticAMD
May 17 20:19:00 111 kernel: [    0.000000]   Centaur CentaurHauls
May 17 20:19:00 111 kernel: [    0.000000] BIOS-provided physical RAM map:
May 17 20:19:00 111 kernel: [    0.000000]  BIOS-e820: 0000000000000000 - 000000000009e000 (usable)
May 17 20:19:00 111 kernel: [    0.000000]  BIOS-e820: 000000000009e000 - 00000000000a0000 (reserved)
May 17 20:19:00 111 kernel: [    0.000000]  BIOS-e820: 00000000000e0000 - 0000000000100000 (reserved)
May 17 20:19:00 111 kernel: [    0.000000]  BIOS-e820: 0000000000100000 - 00000000b9ea8000 (usable)
May 17 20:19:00 111 kernel: [    0.000000]  BIOS-e820: 00000000b9ea8000 - 00000000b9ebf000 (reserved)
May 17 20:19:00 111 kernel: [    0.000000]  BIOS-e820: 00000000b9ebf000 - 00000000b9f81000 (usable)
May 17 20:19:00 111 kernel: [    0.000000]  BIOS-e820: 00000000b9f81000 - 00000000b9fbf000 (ACPI NVS)
May 17 20:19:00 111 kernel: [    0.000000]  BIOS-e820: 00000000b9fbf000 - 00000000b9fdf000 (usable)
May 17 20:19:00 111 kernel: [    0.000000]  BIOS-e820: 00000000b9fdf000 - 00000000b9ff7000 (ACPI data)
May 17 20:19:00 111 kernel: [    0.000000]  BIOS-e820: 00000000b9ff7000 - 00000000ba000000 (usable)
May 17 20:19:00 111 kernel: [    0.000000]  BIOS-e820: 00000000ba000000 - 00000000c0000000 (reserved)
May 17 20:19:00 111 kernel: [    0.000000]  BIOS-e820: 00000000f8000000 - 00000000fc000000 (reserved)
May 17 20:19:00 111 kernel: [    0.000000]  BIOS-e820: 00000000fec00000 - 00000000fec01000 (reserved)
May 17 20:19:00 111 kernel: [    0.000000]  BIOS-e820: 00000000fed10000 - 00000000fed14000 (reserved)
May 17 20:19:00 111 kernel: [    0.000000]  BIOS-e820: 00000000fed18000 - 00000000fed1a000 (reserved)
May 17 20:19:00 111 kernel: [    0.000000]  BIOS-e820: 00000000fed1c000 - 00000000fed20000 (reserved)
May 17 20:19:00 111 kernel: [    0.000000]  BIOS-e820: 00000000fee00000 - 00000000fee01000 (reserved)
May 17 20:19:00 111 kernel: [    0.000000]  BIOS-e820: 00000000ffe00000 - 0000000100000000 (reserved)
May 17 20:19:00 111 kernel: [    0.000000]  BIOS-e820: 0000000100000000 - 0000000140000000 (usable)
May 17 20:19:00 111 kernel: [    0.000000] DMI 2.4 present.
May 17 20:19:00 111 kernel: [    0.000000] last_pfn = 0x140000 max_arch_pfn = 0x400000000
May 17 20:19:00 111 kernel: [    0.000000] x86 PAT enabled: cpu 0, old 0x7040600070406, new 0x7010600070106
May 17 20:19:00 111 kernel: [    0.000000] last_pfn = 0xba000 max_arch_pfn = 0x400000000
May 17 20:19:00 111 kernel: [    0.000000] init_memory_mapping: 0000000000000000-00000000ba000000
May 17 20:19:00 111 kernel: [    0.000000] init_memory_mapping: 0000000100000000-0000000140000000
May 17 20:19:00 111 kernel: [    0.000000] RAMDISK: 37572000 - 37fef956
May 17 20:19:00 111 kernel: [    0.000000] ACPI: RSDP 00000000000fe020 00024 (v02 HPQOEM)
May 17 20:19:00 111 kernel: [    0.000000] ACPI: XSDT 00000000b9ff6120 0006C (v01 HPQOEM SLIC-MPC 00000001      01000013)
May 17 20:19:00 111 kernel: [    0.000000] ACPI: FACP 00000000b9ff4000 000F4 (v04 HPQOEM SLIC-MPC 00000001 MSFT 01000013)
May 17 20:19:00 111 kernel: [    0.000000] ACPI: DSDT 00000000b9fe2000 0D37A (v01 HPQOEM SLIC-MPC 00000001 MSFT 01000013)
May 17 20:19:00 111 kernel: [    0.000000] ACPI: FACS 00000000b9f8d000 00040
May 17 20:19:00 111 kernel: [    0.000000] ACPI: DMAR 00000000b9ff5000 000B0 (v01               ? 00000001      00000000)
May 17 20:19:00 111 kernel: [    0.000000] ACPI: HPET 00000000b9ff3000 00038 (v01 HPQOEM SLIC-MPC 00000001 MSFT 01000013)
May 17 20:19:00 111 kernel: [    0.000000] ACPI: APIC 00000000b9ff2000 0006C (v02 HPQOEM SLIC-MPC 00000001 MSFT 01000013)
May 17 20:19:00 111 kernel: [    0.000000] ACPI: MCFG 00000000b9ff1000 0003C (v01 HPQOEM SLIC-MPC 00000001 MSFT 01000013)
May 17 20:19:00 111 kernel: [    0.000000] ACPI: ASF! 00000000b9ff0000 000A5 (v32 HPQOEM SLIC-MPC 00000001 MSFT 01000013)
May 17 20:19:00 111 kernel: [    0.000000] ACPI: SLIC 00000000b9fe1000 00176 (v01 HPQOEM SLIC-MPC 06040000  LTP 00000001)
May 17 20:19:00 111 kernel: [    0.000000] ACPI: BOOT 00000000b9fe0000 00028 (v01 HPQOEM SLIC-MPC 00000001 MSFT 01000013)
May 17 20:19:00 111 kernel: [    0.000000] ACPI: SSDT 00000000b9fdf000 00655 (v01  PmRef    CpuPm 00003000 INTL 20051117)
May 17 20:19:00 111 kernel: [    0.000000] No NUMA configuration found
May 17 20:19:00 111 kernel: [    0.000000] Faking a node at 0000000000000000-0000000140000000
May 17 20:19:00 111 kernel: [    0.000000] Bootmem setup node 0 0000000000000000-0000000140000000
May 17 20:19:00 111 kernel: [    0.000000]   NODE_DATA [000000000000b000 - 0000000000012fff]
May 17 20:19:00 111 kernel: [    0.000000]   bootmap [0000000000013000 -  000000000003afff] pages 28
May 17 20:19:00 111 kernel: [    0.000000] (8 early reservations) ==> bootmem [0000000000 - 0140000000]
May 17 20:19:00 111 kernel: [    0.000000]   #0 [0000000000 - 0000001000]   BIOS data page ==> [0000000000 - 0000001000]
May 17 20:19:00 111 kernel: [    0.000000]   #1 [0000006000 - 0000008000]       TRAMPOLINE ==> [0000006000 - 0000008000]
May 17 20:19:00 111 kernel: [    0.000000]   #2 [0001000000 - 000168a454]    TEXT DATA BSS ==> [0001000000 - 000168a454]
May 17 20:19:00 111 kernel: [    0.000000]   #3 [0037572000 - 0037fef956]          RAMDISK ==> [0037572000 - 0037fef956]
May 17 20:19:00 111 kernel: [    0.000000]   #4 [000009e000 - 0000100000]    BIOS reserved ==> [000009e000 - 0000100000]
May 17 20:19:00 111 kernel: [    0.000000]   #5 [000168b000 - 000168b1f8]              BRK ==> [000168b000 - 000168b1f8]
May 17 20:19:00 111 kernel: [    0.000000]   #6 [0000008000 - 000000a000]          PGTABLE ==> [0000008000 - 000000a000]
May 17 20:19:00 111 kernel: [    0.000000]   #7 [000000a000 - 000000b000]          PGTABLE ==> [000000a000 - 000000b000]
May 17 20:19:00 111 kernel: [    0.000000] Zone PFN ranges:
May 17 20:19:00 111 kernel: [    0.000000]   DMA      0x00000000 -> 0x00001000
May 17 20:19:00 111 kernel: [    0.000000]   DMA32    0x00001000 -> 0x00100000
May 17 20:19:00 111 kernel: [    0.000000]   Normal   0x00100000 -> 0x00140000
May 17 20:19:00 111 kernel: [    0.000000] Movable zone start PFN for each node
May 17 20:19:00 111 kernel: [    0.000000] early_node_map[6] active PFN ranges
May 17 20:19:00 111 kernel: [    0.000000]     0: 0x00000000 -> 0x0000009e
May 17 20:19:00 111 kernel: [    0.000000]     0: 0x00000100 -> 0x000b9ea8
May 17 20:19:00 111 kernel: [    0.000000]     0: 0x000b9ebf -> 0x000b9f81
May 17 20:19:00 111 kernel: [    0.000000]     0: 0x000b9fbf -> 0x000b9fdf
May 17 20:19:00 111 kernel: [    0.000000]     0: 0x000b9ff7 -> 0x000ba000
May 17 20:19:00 111 kernel: [    0.000000]     0: 0x00100000 -> 0x00140000
May 17 20:19:00 111 kernel: [    0.000000] ACPI: PM-Timer IO Port: 0x408
May 17 20:19:00 111 kernel: [    0.000000] ACPI: LAPIC (acpi_id[0x01] lapic_id[0x00] enabled)
May 17 20:19:00 111 kernel: [    0.000000] ACPI: LAPIC (acpi_id[0x02] lapic_id[0x01] enabled)
May 17 20:19:00 111 kernel: [    0.000000] ACPI: LAPIC (acpi_id[0x03] lapic_id[0x00] disabled)
May 17 20:19:00 111 kernel: [    0.000000] ACPI: LAPIC (acpi_id[0x04] lapic_id[0x00] disabled)
May 17 20:19:00 111 kernel: [    0.000000] ACPI: IOAPIC (id[0x04] address[0xfec00000] gsi_base[0])
May 17 20:19:00 111 kernel: [    0.000000] IOAPIC[0]: apic_id 4, version 32, address 0xfec00000, GSI 0-23
May 17 20:19:00 111 kernel: [    0.000000] ACPI: INT_SRC_OVR (bus 0 bus_irq 0 global_irq 2 dfl dfl)
May 17 20:19:00 111 kernel: [    0.000000] ACPI: INT_SRC_OVR (bus 0 bus_irq 9 global_irq 9 high level)
May 17 20:19:00 111 kernel: [    0.000000] Using ACPI (MADT) for SMP configuration information
May 17 20:19:00 111 kernel: [    0.000000] ACPI: HPET id: 0x8086a201 base: 0xfed00000
May 17 20:19:00 111 kernel: [    0.000000] SMP: Allowing 4 CPUs, 2 hotplug CPUs
May 17 20:19:00 111 kernel: [    0.000000] PM: Registered nosave memory: 000000000009e000 - 00000000000a0000
May 17 20:19:00 111 kernel: [    0.000000] PM: Registered nosave memory: 00000000000a0000 - 00000000000e0000
May 17 20:19:00 111 kernel: [    0.000000] PM: Registered nosave memory: 00000000000e0000 - 0000000000100000
May 17 20:19:00 111 kernel: [    0.000000] PM: Registered nosave memory: 00000000b9ea8000 - 00000000b9ebf000
May 17 20:19:00 111 kernel: [    0.000000] PM: Registered nosave memory: 00000000b9f81000 - 00000000b9fbf000
May 17 20:19:00 111 kernel: [    0.000000] PM: Registered nosave memory: 00000000b9fdf000 - 00000000b9ff7000
May 17 20:19:00 111 kernel: [    0.000000] PM: Registered nosave memory: 00000000ba000000 - 00000000c0000000
May 17 20:19:00 111 kernel: [    0.000000] PM: Registered nosave memory: 00000000c0000000 - 00000000f8000000
May 17 20:19:00 111 kernel: [    0.000000] PM: Registered nosave memory: 00000000f8000000 - 00000000fc000000
May 17 20:19:00 111 kernel: [    0.000000] PM: Registered nosave memory: 00000000fc000000 - 00000000fec00000
May 17 20:19:00 111 kernel: [    0.000000] PM: Registered nosave memory: 00000000fec00000 - 00000000fec01000
May 17 20:19:00 111 kernel: [    0.000000] PM: Registered nosave memory: 00000000fec01000 - 00000000fed10000
May 17 20:19:00 111 kernel: [    0.000000] PM: Registered nosave memory: 00000000fed10000 - 00000000fed14000
May 17 20:19:00 111 kernel: [    0.000000] PM: Registered nosave memory: 00000000fed14000 - 00000000fed18000
May 17 20:19:00 111 kernel: [    0.000000] PM: Registered nosave memory: 00000000fed18000 - 00000000fed1a000
May 17 20:19:00 111 kernel: [    0.000000] PM: Registered nosave memory: 00000000fed1a000 - 00000000fed1c000
May 17 20:19:00 111 kernel: [    0.000000] PM: Registered nosave memory: 00000000fed1c000 - 00000000fed20000
May 17 20:19:00 111 kernel: [    0.000000] PM: Registered nosave memory: 00000000fed20000 - 00000000fee00000
May 17 20:19:00 111 kernel: [    0.000000] PM: Registered nosave memory: 00000000fee00000 - 00000000fee01000
May 17 20:19:00 111 kernel: [    0.000000] PM: Registered nosave memory: 00000000fee01000 - 00000000ffe00000
May 17 20:19:00 111 kernel: [    0.000000] PM: Registered nosave memory: 00000000ffe00000 - 0000000100000000
May 17 20:19:00 111 kernel: [    0.000000] Allocating PCI resources starting at c0000000 (gap: c0000000:38000000)
May 17 20:19:00 111 kernel: [    0.000000] Booting paravirtualized kernel on bare hardware
May 17 20:19:00 111 kernel: [    0.000000] NR_CPUS:512 nr_cpumask_bits:512 nr_cpu_ids:4 nr_node_ids:1
May 17 20:19:00 111 kernel: [    0.000000] PERCPU: Embedded 30 pages/cpu @ffff880005200000 s90328 r8192 d24360 u524288
May 17 20:19:00 111 kernel: [    0.000000] pcpu-alloc: s90328 r8192 d24360 u524288 alloc=1*2097152
May 17 20:19:00 111 kernel: [    0.000000] pcpu-alloc: [0] 0 1 2 3 
May 17 20:19:00 111 kernel: [    0.000000] Built 1 zonelists in Node order, mobility grouping on.  Total pages: 1005769
May 17 20:19:00 111 kernel: [    0.000000] Policy zone: Normal
May 17 20:19:00 111 kernel: [    0.000000] Kernel command line: BOOT_IMAGE=/boot/vmlinuz-2.6.32-5-amd64 root=UUID=efbca59c-ad25-4ad4-9c60-cff7aebad3ab ro quiet
May 17 20:19:00 111 kernel: [    0.000000] PID hash table entries: 4096 (order: 3, 32768 bytes)
May 17 20:19:00 111 kernel: [    0.000000] Initializing CPU#0
May 17 20:19:00 111 kernel: [    0.000000] xsave/xrstor: enabled xstate_bv 0x3, cntxt size 0x240
May 17 20:19:00 111 kernel: [    0.000000] Checking aperture...
May 17 20:19:00 111 kernel: [    0.000000] No AGP bridge found
May 17 20:19:00 111 kernel: [    0.000000] ------------[ cut here ]------------
May 17 20:19:00 111 kernel: [    0.000000] WARNING: at /build/buildd-linux-2.6_2.6.32-34-amd64-fz5U9B/linux-2.6-2.6.32/debian/build/source_amd64_none/drivers/pci/dmar.c:616 check_zero_address+0x91/0x19a()
May 17 20:19:00 111 kernel: [    0.000000] Hardware name: HP Pavilion dv6 Notebook PC
May 17 20:19:00 111 kernel: [    0.000000] Your BIOS is broken; DMAR reported at address zero!
May 17 20:19:00 111 kernel: [    0.000000] BIOS vendor: Hewlett-Packard; Ver: F.36; Product Version: Rev 1
May 17 20:19:00 111 kernel: [    0.000000] Modules linked in:
May 17 20:19:00 111 kernel: [    0.000000] Pid: 0, comm: swapper Not tainted 2.6.32-5-amd64 #1
May 17 20:19:00 111 kernel: [    0.000000] Call Trace:
May 17 20:19:00 111 kernel: [    0.000000]  [<ffffffff815186b2>] ? check_zero_address+0x91/0x19a
May 17 20:19:00 111 kernel: [    0.000000]  [<ffffffff815186b2>] ? check_zero_address+0x91/0x19a
May 17 20:19:00 111 kernel: [    0.000000]  [<ffffffff8104df10>] ? warn_slowpath_common+0x77/0xa3
May 17 20:19:00 111 kernel: [    0.000000]  [<ffffffff8104df98>] ? warn_slowpath_fmt+0x51/0x59
May 17 20:19:00 111 kernel: [    0.000000]  [<ffffffff814f3140>] ? early_idt_handler+0x0/0x71
May 17 20:19:00 111 kernel: [    0.000000]  [<ffffffff81302475>] ? _etext+0x0/0x1f0b8b
May 17 20:19:00 111 kernel: [    0.000000]  [<ffffffff81508008>] ? __early_ioremap+0x1a3/0x23b
May 17 20:19:00 111 kernel: [    0.000000]  [<ffffffff815186b2>] ? check_zero_address+0x91/0x19a
May 17 20:19:00 111 kernel: [    0.000000]  [<ffffffff814f3140>] ? early_idt_handler+0x0/0x71
May 17 20:19:00 111 kernel: [    0.000000]  [<ffffffff81302475>] ? _etext+0x0/0x1f0b8b
May 17 20:19:00 111 kernel: [    0.000000]  [<ffffffff815187cd>] ? detect_intel_iommu+0x12/0x8c
May 17 20:19:00 111 kernel: [    0.000000]  [<ffffffff814f95fa>] ? pci_iommu_alloc+0x56/0x61
May 17 20:19:00 111 kernel: [    0.000000]  [<ffffffff815079bf>] ? mem_init+0x15/0xe5
May 17 20:19:00 111 kernel: [    0.000000]  [<ffffffff814f3b03>] ? start_kernel+0x202/0x3e8
May 17 20:19:00 111 kernel: [    0.000000]  [<ffffffff814f33b7>] ? x86_64_start_kernel+0xf9/0x106
May 17 20:19:00 111 kernel: [    0.000000] ---[ end trace a7919e7f17c0a725 ]---
May 17 20:19:00 111 kernel: [    0.000000] PCI-DMA: Using software bounce buffering for IO (SWIOTLB)
May 17 20:19:00 111 kernel: [    0.000000] Placing 64MB software IO TLB between ffff88000539e000 - ffff88000939e000
May 17 20:19:00 111 kernel: [    0.000000] software IO TLB at phys 0x539e000 - 0x939e000
May 17 20:19:00 111 kernel: [    0.000000] Memory: 3953508k/5242880k available (3081k kernel code, 1147708k absent, 141664k reserved, 1890k data, 592k init)
May 17 20:19:00 111 kernel: [    0.000000] SLUB: Genslabs=14, HWalign=64, Order=0-3, MinObjects=0, CPUs=4, Nodes=1
May 17 20:19:00 111 kernel: [    0.000000] Hierarchical RCU implementation.
May 17 20:19:00 111 kernel: [    0.000000] NR_IRQS:4352 nr_irqs:440
May 17 20:19:00 111 kernel: [    0.000000] Console: colour VGA+ 80x25
May 17 20:19:00 111 kernel: [    0.000000] console [tty0] enabled
May 17 20:19:00 111 kernel: [    0.000000] Fast TSC calibration using PIT
May 17 20:19:00 111 kernel: [    0.000000] Detected 2194.338 MHz processor.
May 17 20:19:00 111 kernel: [    0.004005] Calibrating delay loop (skipped), value calculated using timer frequency.. 4388.67 BogoMIPS (lpj=8777352)
May 17 20:19:00 111 kernel: [    0.004026] Security Framework initialized
May 17 20:19:00 111 kernel: [    0.004031] SELinux:  Disabled at boot.
May 17 20:19:00 111 kernel: [    0.004348] Dentry cache hash table entries: 524288 (order: 10, 4194304 bytes)
May 17 20:19:00 111 kernel: [    0.006451] Inode-cache hash table entries: 262144 (order: 9, 2097152 bytes)
May 17 20:19:00 111 kernel: [    0.007469] Mount-cache hash table entries: 256
May 17 20:19:00 111 kernel: [    0.008130] Initializing cgroup subsys ns
May 17 20:19:00 111 kernel: [    0.008135] Initializing cgroup subsys cpuacct
May 17 20:19:00 111 kernel: [    0.008139] Initializing cgroup subsys devices
May 17 20:19:00 111 kernel: [    0.008141] Initializing cgroup subsys freezer
May 17 20:19:00 111 kernel: [    0.008143] Initializing cgroup subsys net_cls
May 17 20:19:00 111 kernel: [    0.008169] CPU: L1 I cache: 32K, L1 D cache: 32K
May 17 20:19:00 111 kernel: [    0.008171] CPU: L2 cache: 2048K
May 17 20:19:00 111 kernel: [    0.008174] CPU 0/0x0 -> Node 0
May 17 20:19:00 111 kernel: [    0.008176] CPU: Physical Processor ID: 0
May 17 20:19:00 111 kernel: [    0.008178] CPU: Processor Core ID: 0
May 17 20:19:00 111 kernel: [    0.008181] mce: CPU supports 6 MCE banks
May 17 20:19:00 111 kernel: [    0.008189] CPU0: Thermal monitoring enabled (TM2)
May 17 20:19:00 111 kernel: [    0.008193] using mwait in idle threads.
May 17 20:19:00 111 kernel: [    0.008195] Performance Events: Core2 events, Intel PMU driver.
May 17 20:19:00 111 kernel: [    0.008200] ... version:                2
May 17 20:19:00 111 kernel: [    0.008201] ... bit width:              40
May 17 20:19:00 111 kernel: [    0.008203] ... generic registers:      2
May 17 20:19:00 111 kernel: [    0.008204] ... value mask:             000000ffffffffff
May 17 20:19:00 111 kernel: [    0.008206] ... max period:             000000007fffffff
May 17 20:19:00 111 kernel: [    0.008207] ... fixed-purpose events:   3
May 17 20:19:00 111 kernel: [    0.008209] ... event mask:             0000000700000003
May 17 20:19:00 111 kernel: [    0.009213] ACPI: Core revision 20090903
May 17 20:19:00 111 kernel: [    0.024080] DMAR: Host address width 36
May 17 20:19:00 111 kernel: [    0.024083] DMAR: DRHD base: 0x00000000000000 flags: 0x1
May 17 20:19:00 111 kernel: [    0.024085] DMAR: parse DMAR table failure.
May 17 20:19:00 111 kernel: [    0.024093] Setting APIC routing to flat
May 17 20:19:00 111 kernel: [    0.024408] ..TIMER: vector=0x30 apic1=0 pin1=2 apic2=-1 pin2=-1
May 17 20:19:00 111 kernel: [    0.066820] CPU0: Intel(R) Core(TM)2 Duo CPU     T6600  @ 2.20GHz stepping 0a
May 17 20:19:00 111 kernel: [    0.068001] Booting processor 1 APIC 0x1 ip 0x6000
May 17 20:19:00 111 kernel: [    0.008000] Initializing CPU#1
May 17 20:19:00 111 kernel: [    0.008000] CPU: L1 I cache: 32K, L1 D cache: 32K
May 17 20:19:00 111 kernel: [    0.008000] CPU: L2 cache: 2048K
May 17 20:19:00 111 kernel: [    0.008000] CPU 1/0x1 -> Node 0
May 17 20:19:00 111 kernel: [    0.008000] CPU: Physical Processor ID: 0
May 17 20:19:00 111 kernel: [    0.008000] CPU: Processor Core ID: 1
May 17 20:19:00 111 kernel: [    0.008000] CPU1: Thermal monitoring enabled (TM2)
May 17 20:19:00 111 kernel: [    0.152027] CPU1: Intel(R) Core(TM)2 Duo CPU     T6600  @ 2.20GHz stepping 0a
May 17 20:19:00 111 kernel: [    0.152034] checking TSC synchronization [CPU#0 -> CPU#1]: passed.
May 17 20:19:00 111 kernel: [    0.156018] Brought up 2 CPUs
May 17 20:19:00 111 kernel: [    0.156020] Total of 2 processors activated (8777.62 BogoMIPS).
May 17 20:19:00 111 kernel: [    0.156942] devtmpfs: initialized
May 17 20:19:00 111 kernel: [    0.158685] regulator: core version 0.5
May 17 20:19:00 111 kernel: [    0.158685] NET: Registered protocol family 16
May 17 20:19:00 111 kernel: [    0.160059] ACPI: bus type pci registered
May 17 20:19:00 111 kernel: [    0.160127] PCI: MCFG configuration 0: base f8000000 segment 0 buses 0 - 63
May 17 20:19:00 111 kernel: [    0.160130] PCI: MCFG area at f8000000 reserved in E820
May 17 20:19:00 111 kernel: [    0.163128] PCI: Using MMCONFIG at f8000000 - fbffffff
May 17 20:19:00 111 kernel: [    0.163130] PCI: Using configuration type 1 for base access
May 17 20:19:00 111 kernel: [    0.163454] bio: create slab <bio-0> at 0
May 17 20:19:00 111 kernel: [    0.168448] ACPI: BIOS _OSI(Linux) query ignored
May 17 20:19:00 111 kernel: [    0.301478] ACPI Error (psargs-0359): [\_PR_.CPU0._PPC] Namespace lookup failure, AE_NOT_FOUND
May 17 20:19:00 111 kernel: [    0.301478] ACPI Error (psparse-0537): Method parse/execution failed [\CPUL] (Node ffff88013fa3f760), AE_NOT_FOUND
May 17 20:19:00 111 kernel: [    0.301478] ACPI Error (psparse-0537): Method parse/execution failed [\PSSC] (Node ffff88013fa3f780), AE_NOT_FOUND
May 17 20:19:00 111 kernel: [    0.301478] ACPI Error (psparse-0537): Method parse/execution failed [\_SB_.PCI0.LPC_.EC0_._REG] (Node ffff88013fa47580), AE_NOT_FOUND
May 17 20:19:00 111 kernel: [    0.301478] ACPI: Interpreter enabled
May 17 20:19:00 111 kernel: [    0.301478] ACPI: (supports S0 S3 S4 S5)
May 17 20:19:00 111 kernel: [    0.301478] ACPI: Using IOAPIC for interrupt routing
May 17 20:19:00 111 kernel: [    0.314130] ACPI: EC: GPE = 0x17, I/O: command/status = 0x66, data = 0x62
May 17 20:19:00 111 kernel: [    0.314457] ACPI: No dock devices found.
May 17 20:19:00 111 kernel: [    0.315097] ACPI: PCI Root Bridge [PCI0] (0000:00)
May 17 20:19:00 111 kernel: [    0.315153] DMAR: Forcing write-buffer flush capability
May 17 20:19:00 111 kernel: [    0.315155] DMAR: Disabling IOMMU for graphics on this chipset
May 17 20:19:00 111 kernel: [    0.315582] pci 0000:00:1a.7: PME# supported from D0 D3hot D3cold
May 17 20:19:00 111 kernel: [    0.315587] pci 0000:00:1a.7: PME# disabled
May 17 20:19:00 111 kernel: [    0.315688] pci 0000:00:1b.0: PME# supported from D0 D3hot D3cold
May 17 20:19:00 111 kernel: [    0.315692] pci 0000:00:1b.0: PME# disabled
May 17 20:19:00 111 kernel: [    0.315769] pci 0000:00:1c.0: PME# supported from D0 D3hot D3cold
May 17 20:19:00 111 kernel: [    0.315773] pci 0000:00:1c.0: PME# disabled
May 17 20:19:00 111 kernel: [    0.315852] pci 0000:00:1c.1: PME# supported from D0 D3hot D3cold
May 17 20:19:00 111 kernel: [    0.315856] pci 0000:00:1c.1: PME# disabled
May 17 20:19:00 111 kernel: [    0.315937] pci 0000:00:1c.3: PME# supported from D0 D3hot D3cold
May 17 20:19:00 111 kernel: [    0.315941] pci 0000:00:1c.3: PME# disabled
May 17 20:19:00 111 kernel: [    0.316031] pci 0000:00:1c.4: PME# supported from D0 D3hot D3cold
May 17 20:19:00 111 kernel: [    0.316035] pci 0000:00:1c.4: PME# disabled
May 17 20:19:00 111 kernel: [    0.316114] pci 0000:00:1c.5: PME# supported from D0 D3hot D3cold
May 17 20:19:00 111 kernel: [    0.316119] pci 0000:00:1c.5: PME# disabled
May 17 20:19:00 111 kernel: [    0.316592] pci 0000:00:1d.7: PME# supported from D0 D3hot D3cold
May 17 20:19:00 111 kernel: [    0.316596] pci 0000:00:1d.7: PME# disabled
May 17 20:19:00 111 kernel: [    0.316889] pci 0000:00:1f.2: PME# supported from D3hot
May 17 20:19:00 111 kernel: [    0.316893] pci 0000:00:1f.2: PME# disabled
May 17 20:19:00 111 kernel: [    0.318499] pci 0000:03:00.0: PME# supported from D0 D1 D2 D3hot D3cold
May 17 20:19:00 111 kernel: [    0.318513] pci 0000:03:00.0: PME# disabled
May 17 20:19:00 111 kernel: [    0.319193] pci 0000:00:1e.0: transparent bridge
May 17 20:19:00 111 kernel: [    0.331840] ACPI: PCI Interrupt Link [LNKA] (IRQs 3 4 5 7 9 10 *11 12)
May 17 20:19:00 111 kernel: [    0.331986] ACPI: PCI Interrupt Link [LNKB] (IRQs 3 4 5 7 9 10 *11 12)
May 17 20:19:00 111 kernel: [    0.332139] ACPI: PCI Interrupt Link [LNKC] (IRQs 3 4 5 7 9 10 *11 12)
May 17 20:19:00 111 kernel: [    0.332282] ACPI: PCI Interrupt Link [LNKD] (IRQs 3 4 5 7 9 10 *11 12)
May 17 20:19:00 111 kernel: [    0.332426] ACPI: PCI Interrupt Link [LNKE] (IRQs 3 4 5 7 9 10 *11 12)
May 17 20:19:00 111 kernel: [    0.332569] ACPI: PCI Interrupt Link [LNKF] (IRQs 3 4 5 7 9 *10 11 12)
May 17 20:19:00 111 kernel: [    0.332712] ACPI: PCI Interrupt Link [LNKG] (IRQs 3 4 5 7 9 10 *11 12)
May 17 20:19:00 111 kernel: [    0.332856] ACPI: PCI Interrupt Link [LNKH] (IRQs 3 4 5 7 9 10 11 12) *0, disabled.
May 17 20:19:00 111 kernel: [    0.332970] vgaarb: device added: PCI:0000:00:02.0,decodes=io+mem,owns=io+mem,locks=none
May 17 20:19:00 111 kernel: [    0.332983] vgaarb: loaded
May 17 20:19:00 111 kernel: [    0.332997] PCI: Using ACPI for IRQ routing
May 17 20:19:00 111 kernel: [    0.332997] HPET: 4 timers in total, 0 timers will be used for per-cpu timer
May 17 20:19:00 111 kernel: [    0.332997] hpet0: at MMIO 0xfed00000, IRQs 2, 8, 0, 0
May 17 20:19:00 111 kernel: [    0.332997] hpet0: 4 comparators, 64-bit 14.318180 MHz counter
May 17 20:19:00 111 kernel: [    0.336018] Switching to clocksource tsc
May 17 20:19:00 111 kernel: [    0.337153] pnp: PnP ACPI init
May 17 20:19:00 111 kernel: [    0.337162] ACPI: bus type pnp registered
May 17 20:19:00 111 kernel: [    0.340068] pnp: PnP ACPI: found 12 devices
May 17 20:19:00 111 kernel: [    0.340069] ACPI: ACPI bus type pnp unregistered
May 17 20:19:00 111 kernel: [    0.340078] system 00:00: iomem range 0xf8000000-0xfbffffff has been reserved
May 17 20:19:00 111 kernel: [    0.340084] system 00:02: ioport range 0x164e-0x164f has been reserved
May 17 20:19:00 111 kernel: [    0.340087] system 00:02: ioport range 0x600-0x60f has been reserved
May 17 20:19:00 111 kernel: [    0.340089] system 00:02: ioport range 0x610-0x610 has been reserved
May 17 20:19:00 111 kernel: [    0.340092] system 00:02: ioport range 0x800-0x80f has been reserved
May 17 20:19:00 111 kernel: [    0.340094] system 00:02: ioport range 0x810-0x817 has been reserved
May 17 20:19:00 111 kernel: [    0.340097] system 00:02: ioport range 0x820-0x823 has been reserved
May 17 20:19:00 111 kernel: [    0.340099] system 00:02: ioport range 0x400-0x47f has been reserved
May 17 20:19:00 111 kernel: [    0.340102] system 00:02: ioport range 0x500-0x53f has been reserved
May 17 20:19:00 111 kernel: [    0.340105] system 00:02: ioport range 0x380-0x38e has been reserved
May 17 20:19:00 111 kernel: [    0.340108] system 00:02: iomem range 0xf8000000-0xfbffffff has been reserved
May 17 20:19:00 111 kernel: [    0.340110] system 00:02: iomem range 0xfed1c000-0xfed1ffff has been reserved
May 17 20:19:00 111 kernel: [    0.340113] system 00:02: iomem range 0xfed10000-0xfed13fff has been reserved
